2026-07-21 15:12:55 - tick_vault - INFO - download_range:48 - Starting download for USDJPY from 2024-06-03 to 2024-06-04
2026-07-21 15:12:55 - tick_vault - DEBUG - __init__:50 - Initialized metadata database at tick_vault_data/metadata.db
2026-07-21 15:12:55 - tick_vault - DEBUG - _ensure_table_exists:75 - Ensuring table exists for symbol: USDJPY
2026-07-21 15:12:55 - tick_vault - DEBUG - find_not_attempted_chunks:189 - Found 24 not-attempted chunks for USDJPY from 2024-06-03 to 2024-06-04
2026-07-21 15:12:55 - tick_vault - DEBUG - close:430 - Closed metadata database connection
2026-07-21 15:12:55 - tick_vault - INFO - download_range:68 - Found 24 chunks to download for USDJPY
2026-07-21 15:12:55 - tick_vault - DEBUG - download_range:78 - Using 10 workers across 1 proxies
2026-07-21 15:12:55 - tick_vault - DEBUG - download_range:87 - Starting download workers and metadata worker
2026-07-21 15:12:55 - tick_vault - DEBUG - metadata_worker:42 - Metadata worker started
2026-07-21 15:12:55 - tick_vault - DEBUG - __init__:50 - Initialized metadata database at tick_vault_data/metadata.db
2026-07-21 15:12:55 - tick_vault - DEBUG - download_worker:49 - Download worker started with proxy: None
2026-07-21 15:12:55 - tick_vault - DEBUG - fetch_with_retry:196 - Fetching URL: https://datafeed.dukascopy.com/datafeed/USDJPY/2024/05/03/00h_ticks.bi5
2026-07-21 15:12:55 - tick_vault - DEBUG - download_worker:49 - Download worker started with proxy: None
2026-07-21 15:12:55 - tick_vault - DEBUG - fetch_with_retry:196 - Fetching URL: https://datafeed.dukascopy.com/datafeed/USDJPY/2024/05/03/01h_ticks.bi5
2026-07-21 15:12:55 - tick_vault - DEBUG - download_worker:49 - Download worker started with proxy: None
2026-07-21 15:12:55 - tick_vault - DEBUG - fetch_with_retry:196 - Fetching URL: https://datafeed.dukascopy.com/datafeed/USDJPY/2024/05/03/02h_ticks.bi5
2026-07-21 15:12:55 - tick_vault - DEBUG - download_worker:49 - Download worker started with proxy: None
2026-07-21 15:12:55 - tick_vault - DEBUG - fetch_with_retry:196 - Fetching URL: https://datafeed.dukascopy.com/datafeed/USDJPY/2024/05/03/03h_ticks.bi5
2026-07-21 15:12:55 - tick_vault - DEBUG - download_worker:49 - Download worker started with proxy: None
2026-07-21 15:12:55 - tick_vault - DEBUG - fetch_with_retry:196 - Fetching URL: https://datafeed.dukascopy.com/datafeed/USDJPY/2024/05/03/04h_ticks.bi5
2026-07-21 15:12:55 - tick_vault - DEBUG - download_worker:49 - Download worker started with proxy: None
2026-07-21 15:12:55 - tick_vault - DEBUG - fetch_with_retry:196 - Fetching URL: https://datafeed.dukascopy.com/datafeed/USDJPY/2024/05/03/05h_ticks.bi5
2026-07-21 15:12:55 - tick_vault - DEBUG - download_worker:49 - Download worker started with proxy: None
2026-07-21 15:12:55 - tick_vault - DEBUG - fetch_with_retry:196 - Fetching URL: https://datafeed.dukascopy.com/datafeed/USDJPY/2024/05/03/06h_ticks.bi5
2026-07-21 15:12:55 - tick_vault - DEBUG - download_worker:49 - Download worker started with proxy: None
2026-07-21 15:12:55 - tick_vault - DEBUG - fetch_with_retry:196 - Fetching URL: https://datafeed.dukascopy.com/datafeed/USDJPY/2024/05/03/07h_ticks.bi5
2026-07-21 15:12:55 - tick_vault - DEBUG - download_worker:49 - Download worker started with proxy: None
2026-07-21 15:12:55 - tick_vault - DEBUG - fetch_with_retry:196 - Fetching URL: https://datafeed.dukascopy.com/datafeed/USDJPY/2024/05/03/08h_ticks.bi5
2026-07-21 15:12:55 - tick_vault - DEBUG - download_worker:49 - Download worker started with proxy: None
2026-07-21 15:12:56 - tick_vault - DEBUG - fetch_with_retry:196 - Fetching URL: https://datafeed.dukascopy.com/datafeed/USDJPY/2024/05/03/09h_ticks.bi5
2026-07-21 15:13:01 - tick_vault - DEBUG - _fetch:62 - Successfully fetched 18987 bytes from https://datafeed.dukascopy.com/datafeed/USDJPY/2024/05/03/09h_ticks.bi5
2026-07-21 15:13:01 - tick_vault - DEBUG - save:162 - Saving chunk to tick_vault_data/downloads/USDJPY/2024/05/03/09h_ticks.bi5
2026-07-21 15:13:01 - tick_vault - DEBUG - download_worker:74 - Downloaded and saved chunk: USDJPY 2024-06-03T09:00:00+00:00
2026-07-21 15:13:01 - tick_vault - DEBUG - fetch_with_retry:196 - Fetching URL: https://datafeed.dukascopy.com/datafeed/USDJPY/2024/05/03/10h_ticks.bi5
2026-07-21 15:13:01 - tick_vault - DEBUG - _fetch:62 - Successfully fetched 23667 bytes from https://datafeed.dukascopy.com/datafeed/USDJPY/2024/05/03/00h_ticks.bi5
2026-07-21 15:13:01 - tick_vault - DEBUG - save:162 - Saving chunk to tick_vault_data/downloads/USDJPY/2024/05/03/00h_ticks.bi5
2026-07-21 15:13:01 - tick_vault - DEBUG - download_worker:74 - Downloaded and saved chunk: USDJPY 2024-06-03T00:00:00+00:00
2026-07-21 15:13:01 - tick_vault - DEBUG - metadata_worker:64 - Flushing batch of 1 chunks to database
2026-07-21 15:13:01 - tick_vault - DEBUG - fetch_with_retry:196 - Fetching URL: https://datafeed.dukascopy.com/datafeed/USDJPY/2024/05/03/11h_ticks.bi5
2026-07-21 15:13:01 - tick_vault - DEBUG - _fetch:62 - Successfully fetched 19473 bytes from https://datafeed.dukascopy.com/datafeed/USDJPY/2024/05/03/06h_ticks.bi5
2026-07-21 15:13:01 - tick_vault - DEBUG - save:162 - Saving chunk to tick_vault_data/downloads/USDJPY/2024/05/03/06h_ticks.bi5
2026-07-21 15:13:01 - tick_vault - DEBUG - download_worker:74 - Downloaded and saved chunk: USDJPY 2024-06-03T06:00:00+00:00
2026-07-21 15:13:01 - tick_vault - DEBUG - metadata_worker:64 - Flushing batch of 2 chunks to database
2026-07-21 15:13:01 - tick_vault - DEBUG - fetch_with_retry:196 - Fetching URL: https://datafeed.dukascopy.com/datafeed/USDJPY/2024/05/03/12h_ticks.bi5
2026-07-21 15:13:01 - tick_vault - DEBUG - _fetch:62 - Successfully fetched 16203 bytes from https://datafeed.dukascopy.com/datafeed/USDJPY/2024/05/03/04h_ticks.bi5
2026-07-21 15:13:01 - tick_vault - DEBUG - save:162 - Saving chunk to tick_vault_data/downloads/USDJPY/2024/05/03/04h_ticks.bi5
2026-07-21 15:13:01 - tick_vault - DEBUG - download_worker:74 - Downloaded and saved chunk: USDJPY 2024-06-03T04:00:00+00:00
2026-07-21 15:13:01 - tick_vault - DEBUG - metadata_worker:64 - Flushing batch of 3 chunks to database
2026-07-21 15:13:01 - tick_vault - DEBUG - fetch_with_retry:196 - Fetching URL: https://datafeed.dukascopy.com/datafeed/USDJPY/2024/05/03/13h_ticks.bi5
2026-07-21 15:13:01 - tick_vault - DEBUG - _fetch:62 - Successfully fetched 21169 bytes from https://datafeed.dukascopy.com/datafeed/USDJPY/2024/05/03/03h_ticks.bi5
2026-07-21 15:13:01 - tick_vault - DEBUG - save:162 - Saving chunk to tick_vault_data/downloads/USDJPY/2024/05/03/03h_ticks.bi5
2026-07-21 15:13:01 - tick_vault - DEBUG - download_worker:74 - Downloaded and saved chunk: USDJPY 2024-06-03T03:00:00+00:00
2026-07-21 15:13:01 - tick_vault - DEBUG - metadata_worker:64 - Flushing batch of 4 chunks to database
2026-07-21 15:13:01 - tick_vault - DEBUG - fetch_with_retry:196 - Fetching URL: https://datafeed.dukascopy.com/datafeed/USDJPY/2024/05/03/14h_ticks.bi5
2026-07-21 15:13:02 - tick_vault - DEBUG - _fetch:62 - Successfully fetched 15640 bytes from https://datafeed.dukascopy.com/datafeed/USDJPY/2024/05/03/02h_ticks.bi5
2026-07-21 15:13:02 - tick_vault - DEBUG - save:162 - Saving chunk to tick_vault_data/downloads/USDJPY/2024/05/03/02h_ticks.bi5
2026-07-21 15:13:02 - tick_vault - DEBUG - download_worker:74 - Downloaded and saved chunk: USDJPY 2024-06-03T02:00:00+00:00
2026-07-21 15:13:02 - tick_vault - DEBUG - metadata_worker:64 - Flushing batch of 5 chunks to database
2026-07-21 15:13:02 - tick_vault - DEBUG - fetch_with_retry:196 - Fetching URL: https://datafeed.dukascopy.com/datafeed/USDJPY/2024/05/03/15h_ticks.bi5
2026-07-21 15:13:02 - tick_vault - DEBUG - _fetch:62 - Successfully fetched 18575 bytes from https://datafeed.dukascopy.com/datafeed/USDJPY/2024/05/03/01h_ticks.bi5
2026-07-21 15:13:02 - tick_vault - DEBUG - save:162 - Saving chunk to tick_vault_data/downloads/USDJPY/2024/05/03/01h_ticks.bi5
2026-07-21 15:13:02 - tick_vault - DEBUG - download_worker:74 - Downloaded and saved chunk: USDJPY 2024-06-03T01:00:00+00:00
2026-07-21 15:13:02 - tick_vault - DEBUG - metadata_worker:64 - Flushing batch of 6 chunks to database
2026-07-21 15:13:02 - tick_vault - DEBUG - fetch_with_retry:196 - Fetching URL: https://datafeed.dukascopy.com/datafeed/USDJPY/2024/05/03/16h_ticks.bi5
2026-07-21 15:13:02 - tick_vault - DEBUG - _fetch:62 - Successfully fetched 13571 bytes from https://datafeed.dukascopy.com/datafeed/USDJPY/2024/05/03/05h_ticks.bi5
2026-07-21 15:13:02 - tick_vault - DEBUG - save:162 - Saving chunk to tick_vault_data/downloads/USDJPY/2024/05/03/05h_ticks.bi5
2026-07-21 15:13:02 - tick_vault - DEBUG - download_worker:74 - Downloaded and saved chunk: USDJPY 2024-06-03T05:00:00+00:00
2026-07-21 15:13:02 - tick_vault - DEBUG - metadata_worker:64 - Flushing batch of 7 chunks to database
2026-07-21 15:13:02 - tick_vault - DEBUG - fetch_with_retry:196 - Fetching URL: https://datafeed.dukascopy.com/datafeed/USDJPY/2024/05/03/17h_ticks.bi5
2026-07-21 15:13:02 - tick_vault - DEBUG - _fetch:62 - Successfully fetched 26034 bytes from https://datafeed.dukascopy.com/datafeed/USDJPY/2024/05/03/08h_ticks.bi5
2026-07-21 15:13:02 - tick_vault - DEBUG - save:162 - Saving chunk to tick_vault_data/downloads/USDJPY/2024/05/03/08h_ticks.bi5
2026-07-21 15:13:02 - tick_vault - DEBUG - download_worker:74 - Downloaded and saved chunk: USDJPY 2024-06-03T08:00:00+00:00
2026-07-21 15:13:02 - tick_vault - DEBUG - metadata_worker:64 - Flushing batch of 8 chunks to database
2026-07-21 15:13:02 - tick_vault - DEBUG - fetch_with_retry:196 - Fetching URL: https://datafeed.dukascopy.com/datafeed/USDJPY/2024/05/03/18h_ticks.bi5
2026-07-21 15:13:03 - tick_vault - DEBUG - _fetch:62 - Successfully fetched 19075 bytes from https://datafeed.dukascopy.com/datafeed/USDJPY/2024/05/03/07h_ticks.bi5
2026-07-21 15:13:03 - tick_vault - DEBUG - save:162 - Saving chunk to tick_vault_data/downloads/USDJPY/2024/05/03/07h_ticks.bi5
2026-07-21 15:13:03 - tick_vault - DEBUG - download_worker:74 - Downloaded and saved chunk: USDJPY 2024-06-03T07:00:00+00:00
2026-07-21 15:13:03 - tick_vault - DEBUG - metadata_worker:64 - Flushing batch of 9 chunks to database
2026-07-21 15:13:03 - tick_vault - DEBUG - fetch_with_retry:196 - Fetching URL: https://datafeed.dukascopy.com/datafeed/USDJPY/2024/05/03/19h_ticks.bi5
2026-07-21 15:13:03 - tick_vault - DEBUG - _fetch:62 - Successfully fetched 23359 bytes from https://datafeed.dukascopy.com/datafeed/USDJPY/2024/05/03/10h_ticks.bi5
2026-07-21 15:13:03 - tick_vault - DEBUG - save:162 - Saving chunk to tick_vault_data/downloads/USDJPY/2024/05/03/10h_ticks.bi5
2026-07-21 15:13:03 - tick_vault - DEBUG - download_worker:74 - Downloaded and saved chunk: USDJPY 2024-06-03T10:00:00+00:00
2026-07-21 15:13:03 - tick_vault - DEBUG - metadata_worker:64 - Flushing batch of 10 chunks to database
2026-07-21 15:13:03 - tick_vault - DEBUG - fetch_with_retry:196 - Fetching URL: https://datafeed.dukascopy.com/datafeed/USDJPY/2024/05/03/20h_ticks.bi5
2026-07-21 15:13:03 - tick_vault - DEBUG - _fetch:62 - Successfully fetched 29493 bytes from https://datafeed.dukascopy.com/datafeed/USDJPY/2024/05/03/11h_ticks.bi5
2026-07-21 15:13:03 - tick_vault - DEBUG - save:162 - Saving chunk to tick_vault_data/downloads/USDJPY/2024/05/03/11h_ticks.bi5
2026-07-21 15:13:03 - tick_vault - DEBUG - download_worker:74 - Downloaded and saved chunk: USDJPY 2024-06-03T11:00:00+00:00
2026-07-21 15:13:03 - tick_vault - DEBUG - metadata_worker:64 - Flushing batch of 11 chunks to database
2026-07-21 15:13:03 - tick_vault - DEBUG - fetch_with_retry:196 - Fetching URL: https://datafeed.dukascopy.com/datafeed/USDJPY/2024/05/03/21h_ticks.bi5
2026-07-21 15:13:03 - tick_vault - DEBUG - _fetch:62 - Successfully fetched 26916 bytes from https://datafeed.dukascopy.com/datafeed/USDJPY/2024/05/03/12h_ticks.bi5
2026-07-21 15:13:03 - tick_vault - DEBUG - save:162 - Saving chunk to tick_vault_data/downloads/USDJPY/2024/05/03/12h_ticks.bi5
2026-07-21 15:13:03 - tick_vault - DEBUG - download_worker:74 - Downloaded and saved chunk: USDJPY 2024-06-03T12:00:00+00:00
2026-07-21 15:13:03 - tick_vault - DEBUG - metadata_worker:64 - Flushing batch of 12 chunks to database
2026-07-21 15:13:03 - tick_vault - DEBUG - fetch_with_retry:196 - Fetching URL: https://datafeed.dukascopy.com/datafeed/USDJPY/2024/05/03/22h_ticks.bi5
2026-07-21 15:13:03 - tick_vault - DEBUG - _fetch:62 - Successfully fetched 33014 bytes from https://datafeed.dukascopy.com/datafeed/USDJPY/2024/05/03/13h_ticks.bi5
2026-07-21 15:13:03 - tick_vault - DEBUG - save:162 - Saving chunk to tick_vault_data/downloads/USDJPY/2024/05/03/13h_ticks.bi5
2026-07-21 15:13:03 - tick_vault - DEBUG - download_worker:74 - Downloaded and saved chunk: USDJPY 2024-06-03T13:00:00+00:00
2026-07-21 15:13:03 - tick_vault - DEBUG - metadata_worker:64 - Flushing batch of 13 chunks to database
2026-07-21 15:13:03 - tick_vault - DEBUG - fetch_with_retry:196 - Fetching URL: https://datafeed.dukascopy.com/datafeed/USDJPY/2024/05/03/23h_ticks.bi5
2026-07-21 15:13:04 - tick_vault - DEBUG - _fetch:62 - Successfully fetched 30419 bytes from https://datafeed.dukascopy.com/datafeed/USDJPY/2024/05/03/15h_ticks.bi5
2026-07-21 15:13:04 - tick_vault - DEBUG - save:162 - Saving chunk to tick_vault_data/downloads/USDJPY/2024/05/03/15h_ticks.bi5
2026-07-21 15:13:04 - tick_vault - DEBUG - download_worker:74 - Downloaded and saved chunk: USDJPY 2024-06-03T15:00:00+00:00
2026-07-21 15:13:04 - tick_vault - DEBUG - metadata_worker:64 - Flushing batch of 14 chunks to database
2026-07-21 15:13:04 - tick_vault - DEBUG - _fetch:62 - Successfully fetched 57198 bytes from https://datafeed.dukascopy.com/datafeed/USDJPY/2024/05/03/14h_ticks.bi5
2026-07-21 15:13:04 - tick_vault - DEBUG - save:162 - Saving chunk to tick_vault_data/downloads/USDJPY/2024/05/03/14h_ticks.bi5
2026-07-21 15:13:04 - tick_vault - DEBUG - download_worker:74 - Downloaded and saved chunk: USDJPY 2024-06-03T14:00:00+00:00
2026-07-21 15:13:04 - tick_vault - DEBUG - metadata_worker:64 - Flushing batch of 15 chunks to database
2026-07-21 15:13:04 - tick_vault - DEBUG - _fetch:62 - Successfully fetched 19215 bytes from https://datafeed.dukascopy.com/datafeed/USDJPY/2024/05/03/16h_ticks.bi5
2026-07-21 15:13:04 - tick_vault - DEBUG - save:162 - Saving chunk to tick_vault_data/downloads/USDJPY/2024/05/03/16h_ticks.bi5
2026-07-21 15:13:04 - tick_vault - DEBUG - download_worker:74 - Downloaded and saved chunk: USDJPY 2024-06-03T16:00:00+00:00
2026-07-21 15:13:04 - tick_vault - DEBUG - metadata_worker:64 - Flushing batch of 16 chunks to database
2026-07-21 15:13:04 - tick_vault - DEBUG - _fetch:62 - Successfully fetched 18914 bytes from https://datafeed.dukascopy.com/datafeed/USDJPY/2024/05/03/17h_ticks.bi5
2026-07-21 15:13:04 - tick_vault - DEBUG - save:162 - Saving chunk to tick_vault_data/downloads/USDJPY/2024/05/03/17h_ticks.bi5
2026-07-21 15:13:04 - tick_vault - DEBUG - download_worker:74 - Downloaded and saved chunk: USDJPY 2024-06-03T17:00:00+00:00
2026-07-21 15:13:04 - tick_vault - DEBUG - metadata_worker:64 - Flushing batch of 17 chunks to database
2026-07-21 15:13:04 - tick_vault - DEBUG - _fetch:62 - Successfully fetched 19678 bytes from https://datafeed.dukascopy.com/datafeed/USDJPY/2024/05/03/18h_ticks.bi5
2026-07-21 15:13:04 - tick_vault - DEBUG - save:162 - Saving chunk to tick_vault_data/downloads/USDJPY/2024/05/03/18h_ticks.bi5
2026-07-21 15:13:04 - tick_vault - DEBUG - download_worker:74 - Downloaded and saved chunk: USDJPY 2024-06-03T18:00:00+00:00
2026-07-21 15:13:04 - tick_vault - DEBUG - metadata_worker:64 - Flushing batch of 18 chunks to database
2026-07-21 15:13:05 - tick_vault - DEBUG - _fetch:62 - Successfully fetched 12853 bytes from https://datafeed.dukascopy.com/datafeed/USDJPY/2024/05/03/19h_ticks.bi5
2026-07-21 15:13:05 - tick_vault - DEBUG - save:162 - Saving chunk to tick_vault_data/downloads/USDJPY/2024/05/03/19h_ticks.bi5
2026-07-21 15:13:05 - tick_vault - DEBUG - download_worker:74 - Downloaded and saved chunk: USDJPY 2024-06-03T19:00:00+00:00
2026-07-21 15:13:05 - tick_vault - DEBUG - metadata_worker:64 - Flushing batch of 19 chunks to database
2026-07-21 15:13:05 - tick_vault - DEBUG - _fetch:62 - Successfully fetched 10719 bytes from https://datafeed.dukascopy.com/datafeed/USDJPY/2024/05/03/20h_ticks.bi5
2026-07-21 15:13:05 - tick_vault - DEBUG - save:162 - Saving chunk to tick_vault_data/downloads/USDJPY/2024/05/03/20h_ticks.bi5
2026-07-21 15:13:05 - tick_vault - DEBUG - download_worker:74 - Downloaded and saved chunk: USDJPY 2024-06-03T20:00:00+00:00
2026-07-21 15:13:05 - tick_vault - DEBUG - metadata_worker:64 - Flushing batch of 20 chunks to database
2026-07-21 15:13:05 - tick_vault - DEBUG - _fetch:62 - Successfully fetched 3674 bytes from https://datafeed.dukascopy.com/datafeed/USDJPY/2024/05/03/21h_ticks.bi5
2026-07-21 15:13:05 - tick_vault - DEBUG - save:162 - Saving chunk to tick_vault_data/downloads/USDJPY/2024/05/03/21h_ticks.bi5
2026-07-21 15:13:05 - tick_vault - DEBUG - download_worker:74 - Downloaded and saved chunk: USDJPY 2024-06-03T21:00:00+00:00
2026-07-21 15:13:05 - tick_vault - DEBUG - metadata_worker:64 - Flushing batch of 21 chunks to database
2026-07-21 15:13:05 - tick_vault - DEBUG - _fetch:62 - Successfully fetched 4204 bytes from https://datafeed.dukascopy.com/datafeed/USDJPY/2024/05/03/22h_ticks.bi5
2026-07-21 15:13:05 - tick_vault - DEBUG - save:162 - Saving chunk to tick_vault_data/downloads/USDJPY/2024/05/03/22h_ticks.bi5
2026-07-21 15:13:05 - tick_vault - DEBUG - download_worker:74 - Downloaded and saved chunk: USDJPY 2024-06-03T22:00:00+00:00
2026-07-21 15:13:05 - tick_vault - DEBUG - metadata_worker:64 - Flushing batch of 22 chunks to database
2026-07-21 15:13:05 - tick_vault - DEBUG - _fetch:62 - Successfully fetched 10518 bytes from https://datafeed.dukascopy.com/datafeed/USDJPY/2024/05/03/23h_ticks.bi5
2026-07-21 15:13:05 - tick_vault - DEBUG - save:162 - Saving chunk to tick_vault_data/downloads/USDJPY/2024/05/03/23h_ticks.bi5
2026-07-21 15:13:05 - tick_vault - DEBUG - download_worker:74 - Downloaded and saved chunk: USDJPY 2024-06-03T23:00:00+00:00
2026-07-21 15:13:05 - tick_vault - INFO - download_range:144 - Successfully downloaded 24 chunks for USDJPY
2026-07-21 15:13:05 - tick_vault - DEBUG - download_range:153 - Sending stop signals to workers
2026-07-21 15:13:05 - tick_vault - DEBUG - download_range:162 - Waiting for workers to finish
2026-07-21 15:13:05 - tick_vault - DEBUG - metadata_worker:64 - Flushing batch of 23 chunks to database
2026-07-21 15:13:05 - tick_vault - DEBUG - metadata_worker:56 - Metadata worker received stop signal
2026-07-21 15:13:05 - tick_vault - DEBUG - metadata_worker:59 - Final batch flush: 24 chunks
2026-07-21 15:13:05 - tick_vault - DEBUG - insert_rows:116 - Inserting 24 rows across 1 symbols
2026-07-21 15:13:05 - tick_vault - DEBUG - _ensure_table_exists:75 - Ensuring table exists for symbol: USDJPY
2026-07-21 15:13:05 - tick_vault - DEBUG - close:430 - Closed metadata database connection
2026-07-21 15:13:05 - tick_vault - DEBUG - metadata_worker:98 - Metadata worker shutting down
2026-07-21 15:13:05 - tick_vault - DEBUG - download_worker:64 - Download worker received stop signal
2026-07-21 15:13:05 - tick_vault - DEBUG - download_worker:64 - Download worker received stop signal
2026-07-21 15:13:05 - tick_vault - DEBUG - download_worker:64 - Download worker received stop signal
2026-07-21 15:13:05 - tick_vault - DEBUG - download_worker:64 - Download worker received stop signal
2026-07-21 15:13:05 - tick_vault - DEBUG - download_worker:64 - Download worker received stop signal
2026-07-21 15:13:05 - tick_vault - DEBUG - download_worker:64 - Download worker received stop signal
2026-07-21 15:13:05 - tick_vault - DEBUG - download_worker:64 - Download worker received stop signal
2026-07-21 15:13:05 - tick_vault - DEBUG - download_worker:64 - Download worker received stop signal
2026-07-21 15:13:05 - tick_vault - DEBUG - download_worker:64 - Download worker received stop signal
2026-07-21 15:13:05 - tick_vault - DEBUG - download_worker:64 - Download worker received stop signal
2026-07-21 15:13:05 - tick_vault - DEBUG - download_worker:84 - Download worker shutting down
2026-07-21 15:13:05 - tick_vault - DEBUG - download_worker:84 - Download worker shutting down
2026-07-21 15:13:05 - tick_vault - DEBUG - download_worker:84 - Download worker shutting down
2026-07-21 15:13:05 - tick_vault - DEBUG - download_worker:84 - Download worker shutting down
2026-07-21 15:13:05 - tick_vault - DEBUG - download_worker:84 - Download worker shutting down
2026-07-21 15:13:05 - tick_vault - DEBUG - download_worker:84 - Download worker shutting down
2026-07-21 15:13:05 - tick_vault - DEBUG - download_worker:84 - Download worker shutting down
2026-07-21 15:13:05 - tick_vault - DEBUG - download_worker:84 - Download worker shutting down
2026-07-21 15:13:05 - tick_vault - DEBUG - download_worker:84 - Download worker shutting down
2026-07-21 15:13:05 - tick_vault - DEBUG - download_worker:84 - Download worker shutting down
2026-07-21 15:13:05 - tick_vault - DEBUG - download_range:180 - Workers cancelled
