[2026-07-08 23:24:36Z] === Dukascopy M1 downloader ===
[2026-07-08 23:24:36Z] pairs    : ['XAUUSD', 'GBPUSD', 'EURUSD', 'USDJPY']
[2026-07-08 23:24:36Z] window   : 2015-01 -> 2023-12
[2026-07-08 23:24:36Z] out_dir  : /home/TacoPants/projects/Ayumi/data/forex/dukascopy
[2026-07-08 23:24:36Z] approx.  : 4 pairs × 108 months = 432 (pair, month) jobs
[2026-07-08 23:24:36Z] [1/432] downloading XAUUSD 2015-01 ...
[2026-07-08 23:25:16Z]     retry 1: TimeoutError: The read operation timed out
[2026-07-08 23:25:16Z]     retry 1: sleeping 5s
[2026-07-08 23:25:42Z]     retry 2: TimeoutError: The read operation timed out
[2026-07-08 23:25:42Z]     retry 2: sleeping 15s
[2026-07-08 23:26:17Z]     retry 3: TimeoutError: The read operation timed out
[2026-07-08 23:26:17Z]     retry 3: sleeping 45s
[2026-07-08 23:27:22Z]     retry 4: TimeoutError: The read operation timed out
[2026-07-08 23:27:22Z]     XAUUSD 2015-01-02 20h: RuntimeError: giving up on https://datafeed.dukascopy.com/datafeed/XAUUSD/2015/01/02/20h_ticks.bi5: TimeoutError('The read operation timed out')
[2026-07-08 23:27:43Z]     retry 1: TimeoutError: The read operation timed out
[2026-07-08 23:27:43Z]     retry 1: sleeping 5s
[2026-07-08 23:28:08Z]     retry 2: TimeoutError: The read operation timed out
[2026-07-08 23:28:08Z]     retry 2: sleeping 15s
[2026-07-08 23:28:43Z]     retry 3: TimeoutError: The read operation timed out
[2026-07-08 23:28:43Z]     retry 3: sleeping 45s
[2026-07-08 23:32:49Z]     retry 1: HTTP 503 on https://datafeed.dukascopy.com/datafeed/XAUUSD/2015/01/06/04h_ticks.bi5
[2026-07-08 23:32:49Z]     retry 1: sleeping 5s
[2026-07-08 23:33:14Z]     retry 2: TimeoutError: The read operation timed out
[2026-07-08 23:33:14Z]     retry 2: sleeping 15s
[2026-07-08 23:33:49Z]     retry 3: TimeoutError: The read operation timed out
[2026-07-08 23:33:49Z]     retry 3: sleeping 45s
[2026-07-08 23:36:26Z]     retry 1: URLError: <urlopen error timed out>
[2026-07-08 23:36:26Z]     retry 1: sleeping 5s
[2026-07-08 23:39:56Z]     retry 1: TimeoutError: The read operation timed out
[2026-07-08 23:39:56Z]     retry 1: sleeping 5s
[2026-07-08 23:40:21Z]     retry 2: TimeoutError: The read operation timed out
[2026-07-08 23:40:21Z]     retry 2: sleeping 15s
[2026-07-08 23:40:56Z]     retry 3: TimeoutError: The read operation timed out
[2026-07-08 23:40:56Z]     retry 3: sleeping 45s
[2026-07-08 23:42:01Z]     retry 4: TimeoutError: The read operation timed out
[2026-07-08 23:42:01Z]     XAUUSD 2015-01-07 15h: RuntimeError: giving up on https://datafeed.dukascopy.com/datafeed/XAUUSD/2015/01/07/15h_ticks.bi5: TimeoutError('The read operation timed out')
[2026-07-08 23:42:22Z]     retry 1: TimeoutError: The read operation timed out
[2026-07-08 23:42:22Z]     retry 1: sleeping 5s
[2026-07-08 23:42:47Z]     retry 2: TimeoutError: The read operation timed out
[2026-07-08 23:42:47Z]     retry 2: sleeping 15s
[2026-07-08 23:43:22Z]     retry 3: URLError: <urlopen error timed out>
[2026-07-08 23:43:22Z]     retry 3: sleeping 45s
[2026-07-08 23:44:49Z]     retry 1: URLError: <urlopen error timed out>
[2026-07-08 23:44:49Z]     retry 1: sleeping 5s
[2026-07-08 23:45:57Z]     retry 1: URLError: <urlopen error timed out>
[2026-07-08 23:45:57Z]     retry 1: sleeping 5s
[2026-07-08 23:48:22Z]     retry 1: TimeoutError: The read operation timed out
[2026-07-08 23:48:22Z]     retry 1: sleeping 5s
[2026-07-08 23:48:48Z]     retry 2: TimeoutError: The read operation timed out
[2026-07-08 23:48:48Z]     retry 2: sleeping 15s
[2026-07-08 23:51:19Z]     retry 1: URLError: <urlopen error [Errno 104] Connection reset by peer>
[2026-07-08 23:51:19Z]     retry 1: sleeping 5s
[2026-07-08 23:52:29Z]     retry 1: URLError: <urlopen error timed out>
[2026-07-08 23:52:29Z]     retry 1: sleeping 5s
[2026-07-08 23:53:31Z]     retry 1: TimeoutError: The read operation timed out
[2026-07-08 23:53:31Z]     retry 1: sleeping 5s
[2026-07-08 23:53:56Z]     retry 2: TimeoutError: The read operation timed out
[2026-07-08 23:53:56Z]     retry 2: sleeping 15s
[2026-07-08 23:54:31Z]     retry 3: TimeoutError: The read operation timed out
[2026-07-08 23:54:31Z]     retry 3: sleeping 45s
