2026-04-30 11:13:28 | INFO     | ayumi.blend_launcher | === Ayumi Multi-Strategy Forward Test (Blend Pipeline) ===
2026-04-30 11:13:28 | INFO     | ayumi.blend_launcher | Symbols: ['GBPUSD', 'USDJPY']
2026-04-30 11:13:31 | WARNING  | ayumi.blend_launcher | Could not fetch symbol list from OpenAPI: 'CTraderOpenApiClient' object has no attribute 'get_symbols' — using static mapping
2026-04-30 11:13:31 | INFO     | ayumi.blend_launcher | Fetching 100 H1 bars for GBPUSD (id=2)...
2026-04-30 11:13:33 | INFO     | ayumi.blend_launcher | Fetched 99 H1 bars for GBPUSD
2026-04-30 11:13:33 | INFO     | ayumi.blend_launcher | Fetching 200 M15 bars for GBPUSD (id=2)...
2026-04-30 11:13:35 | INFO     | ayumi.blend_launcher | Fetched 199 M15 bars for GBPUSD
2026-04-30 11:13:35 | INFO     | ayumi.blend_launcher | Fetching 100 H1 bars for USDJPY (id=4)...
2026-04-30 11:13:37 | INFO     | ayumi.blend_launcher | Fetched 99 H1 bars for USDJPY
2026-04-30 11:13:37 | INFO     | ayumi.blend_launcher | Fetching 200 M15 bars for USDJPY (id=4)...
2026-04-30 11:13:39 | INFO     | ayumi.blend_launcher | Fetched 199 M15 bars for USDJPY
2026-04-30 11:13:39 | INFO     | ayumi.blend_launcher | Registered 5 strategies: ['SRMR+', 'Killzone Momentum', 'Donchian Channel Breakout', 'Session-Range Mean Reversion', 'BB+RSI Mean Reversion']
2026-04-30 11:13:39 | INFO     | ayumi.blend_launcher | All strategy .name properties verified against maps
2026-04-30 11:13:39 | INFO     | ayumi.risk | Restored risk state from data/risk_state_blend.json
2026-04-30 11:13:39 | INFO     | ayumi.forward_test | BlendForwardTestRunner started — balance=$10000.00
2026-04-30 11:13:39 | INFO     | ayumi.forward_test | Preloaded 99 bars into key 'GBPUSD:60'
2026-04-30 11:13:39 | INFO     | ayumi.blend_launcher | Preloaded 99 H1 bars for GBPUSD
2026-04-30 11:13:39 | INFO     | ayumi.forward_test | Preloaded 199 bars into key 'GBPUSD:15'
2026-04-30 11:13:39 | INFO     | ayumi.blend_launcher | Preloaded 199 M15 bars for GBPUSD
2026-04-30 11:13:39 | INFO     | ayumi.forward_test | Preloaded 99 bars into key 'USDJPY:60'
2026-04-30 11:13:39 | INFO     | ayumi.blend_launcher | Preloaded 99 H1 bars for USDJPY
2026-04-30 11:13:39 | INFO     | ayumi.forward_test | Preloaded 199 bars into key 'USDJPY:15'
2026-04-30 11:13:39 | INFO     | ayumi.blend_launcher | Preloaded 199 M15 bars for USDJPY
2026-04-30 11:13:39 | INFO     | ayumi.blend_launcher | === STARTING MULTI-STRATEGY FORWARD TEST ===
2026-04-30 11:13:39 | INFO     | ayumi.blend_launcher | Pipeline: SRMR+ + Killzone + Momentum + SessionRangeMR → Correlation Gate → Blend Runner → Paper
2026-04-30 11:13:39 | INFO     | ayumi.openapi_spot_feed | Connected to demo.ctraderapi.com:5035
2026-04-30 11:13:40 | INFO     | ayumi.openapi_spot_feed | Application authenticated
2026-04-30 11:13:41 | INFO     | ayumi.openapi_spot_feed | Account authenticated
2026-04-30 11:13:41 | INFO     | ayumi.openapi_spot_feed | Requesting symbol list for account 46877902
2026-04-30 11:13:42 | INFO     | ayumi.openapi_spot_feed | Loaded 830 symbol name mappings from API
2026-04-30 11:13:43 | INFO     | ayumi.openapi_spot_feed | Fetched symbol details: id=2 digits=5
2026-04-30 11:13:43 | INFO     | ayumi.openapi_spot_feed | Subscribed to spot events for symbol_id=2
2026-04-30 11:13:44 | INFO     | ayumi.openapi_spot_feed | Fetched symbol details: id=4 digits=3
2026-04-30 11:13:44 | INFO     | ayumi.openapi_spot_feed | Subscribed to spot events for symbol_id=4
2026-04-30 11:13:44 | INFO     | ayumi.openapi_spot_feed | OpenApiSpotFeed started: account=46877902 symbols_loaded=2
2026-04-30 11:13:44 | INFO     | ayumi.forward_test | Open API spot feed connected for ['GBPUSD', 'USDJPY']
2026-04-30 11:13:44 | INFO     | ayumi.forward_test | Forward test started: symbols=['GBPUSD', 'USDJPY'] strategies=['SRMR+', 'Killzone Momentum', 'Donchian Channel Breakout', 'Session-Range Mean Reversion', 'BB+RSI Mean Reversion'] mode=PAPER eval_interval=1.0s bar_period=60m
2026-04-30 12:33:13 | INFO     | ayumi.forward_test | Shutdown signal received (sig=15)
2026-04-30 12:33:13 | INFO     | ayumi.openapi_spot_feed | Unsubscribed from spot events for symbol_id=2
2026-04-30 12:33:13 | INFO     | ayumi.openapi_spot_feed | Unsubscribed from spot events for symbol_id=4
2026-04-30 12:33:13 | INFO     | ayumi.openapi_spot_feed | OpenApiSpotFeed stopped
2026-04-30 12:33:13 | INFO     | ayumi.forward_test | Forward test stopped: balance=10000.00 trades=0 pnl=0.00 errors=0 reconnects=0
2026-04-30 12:33:13 | WARNING  | ayumi.openapi_spot_feed | Disconnected: [Failure instance: Traceback (failure with no frames): <class 'twisted.internet.error.ConnectionDone'>: Connection was closed cleanly.
]
2026-04-30 12:33:25 | INFO     | ayumi.blend_launcher | === Ayumi Multi-Strategy Forward Test (Blend Pipeline) ===
2026-04-30 12:33:25 | INFO     | ayumi.blend_launcher | Symbols: ['GBPUSD', 'USDJPY']
2026-04-30 12:33:27 | WARNING  | ayumi.blend_launcher | Could not fetch symbol list from OpenAPI: 'CTraderOpenApiClient' object has no attribute 'get_symbols' — using static mapping
2026-04-30 12:33:27 | INFO     | ayumi.blend_launcher | Fetching 100 H1 bars for GBPUSD (id=2)...
2026-04-30 12:33:29 | INFO     | ayumi.blend_launcher | Fetched 99 H1 bars for GBPUSD
2026-04-30 12:33:29 | INFO     | ayumi.blend_launcher | Fetching 200 M15 bars for GBPUSD (id=2)...
2026-04-30 12:33:31 | INFO     | ayumi.blend_launcher | Fetched 199 M15 bars for GBPUSD
2026-04-30 12:33:31 | INFO     | ayumi.blend_launcher | Fetching 100 H1 bars for USDJPY (id=4)...
2026-04-30 12:33:33 | INFO     | ayumi.blend_launcher | Fetched 99 H1 bars for USDJPY
2026-04-30 12:33:33 | INFO     | ayumi.blend_launcher | Fetching 200 M15 bars for USDJPY (id=4)...
2026-04-30 12:33:35 | INFO     | ayumi.blend_launcher | Fetched 199 M15 bars for USDJPY
2026-04-30 12:33:35 | INFO     | ayumi.blend_launcher | Registered 5 strategies: ['SRMR+', 'Killzone Momentum', 'Donchian Channel Breakout', 'Session-Range Mean Reversion', 'BB+RSI Mean Reversion']
2026-04-30 12:33:35 | INFO     | ayumi.blend_launcher | All strategy .name properties verified against maps
2026-04-30 12:33:35 | INFO     | ayumi.risk | Restored risk state from data/risk_state_blend.json
2026-04-30 12:33:35 | INFO     | ayumi.forward_test | BlendForwardTestRunner started — balance=$10000.00
2026-04-30 12:33:35 | INFO     | ayumi.forward_test | Preloaded 99 bars into key 'GBPUSD:60'
2026-04-30 12:33:35 | INFO     | ayumi.blend_launcher | Preloaded 99 H1 bars for GBPUSD
2026-04-30 12:33:35 | INFO     | ayumi.forward_test | Preloaded 199 bars into key 'GBPUSD:15'
2026-04-30 12:33:35 | INFO     | ayumi.blend_launcher | Preloaded 199 M15 bars for GBPUSD
2026-04-30 12:33:35 | INFO     | ayumi.forward_test | Preloaded 99 bars into key 'USDJPY:60'
2026-04-30 12:33:35 | INFO     | ayumi.blend_launcher | Preloaded 99 H1 bars for USDJPY
2026-04-30 12:33:35 | INFO     | ayumi.forward_test | Preloaded 199 bars into key 'USDJPY:15'
2026-04-30 12:33:35 | INFO     | ayumi.blend_launcher | Preloaded 199 M15 bars for USDJPY
2026-04-30 12:33:35 | INFO     | ayumi.blend_launcher | === STARTING MULTI-STRATEGY FORWARD TEST ===
2026-04-30 12:33:35 | INFO     | ayumi.blend_launcher | Pipeline: SRMR+ + Killzone + Momentum + SessionRangeMR → Correlation Gate → Blend Runner → Paper
2026-04-30 12:33:35 | INFO     | ayumi.openapi_spot_feed | Connected to demo.ctraderapi.com:5035
2026-04-30 12:33:36 | INFO     | ayumi.openapi_spot_feed | Application authenticated
2026-04-30 12:33:37 | INFO     | ayumi.openapi_spot_feed | Account authenticated
2026-04-30 12:33:37 | INFO     | ayumi.openapi_spot_feed | Requesting symbol list for account 46877902
2026-04-30 12:33:38 | INFO     | ayumi.openapi_spot_feed | Loaded 830 symbol name mappings from API
2026-04-30 12:33:39 | INFO     | ayumi.openapi_spot_feed | Fetched symbol details: id=2 digits=5
2026-04-30 12:33:39 | INFO     | ayumi.openapi_spot_feed | Subscribed to spot events for symbol_id=2
2026-04-30 12:33:40 | INFO     | ayumi.openapi_spot_feed | Fetched symbol details: id=4 digits=3
2026-04-30 12:33:40 | INFO     | ayumi.openapi_spot_feed | Subscribed to spot events for symbol_id=4
2026-04-30 12:33:40 | INFO     | ayumi.openapi_spot_feed | OpenApiSpotFeed started: account=46877902 symbols_loaded=2
2026-04-30 12:33:40 | INFO     | ayumi.forward_test | Open API spot feed connected for ['GBPUSD', 'USDJPY']
2026-04-30 12:33:40 | INFO     | ayumi.forward_test | Forward test started: symbols=['GBPUSD', 'USDJPY'] strategies=['SRMR+', 'Killzone Momentum', 'Donchian Channel Breakout', 'Session-Range Mean Reversion', 'BB+RSI Mean Reversion'] mode=PAPER eval_interval=1.0s bar_period=60m
2026-04-30 18:34:39 | WARNING  | ayumi.risk | No state file at /tmp/pytest-of-root/pytest-464/test_start_restores_no_state0/risk_state.json — starting fresh
2026-04-30 18:34:39 | WARNING  | ayumi.risk | No state file at /tmp/pytest-of-root/pytest-464/test_signal_processing0/risk_state.json — starting fresh
2026-04-30 18:34:39 | WARNING  | ayumi.risk | No state file at /tmp/pytest-of-root/pytest-464/test_multiple_signals_in_seque0/risk_state.json — starting fresh
2026-04-30 18:34:39 | WARNING  | ayumi.risk | No state file at /tmp/pytest-of-root/pytest-464/test_fill_handling_updates_bal0/risk_state.json — starting fresh
2026-04-30 18:34:39 | WARNING  | ayumi.risk | No state file at /tmp/pytest-of-root/pytest-464/test_state_save_on_stop0/risk_state.json — starting fresh
2026-04-30 18:34:39 | WARNING  | ayumi.risk | No state file at /tmp/pytest-of-root/pytest-464/test_state_restore_on_start0/risk_state.json — starting fresh
2026-04-30 18:39:58 | WARNING  | ayumi.risk | No state file at /tmp/pytest-of-root/pytest-465/test_start_restores_no_state0/risk_state.json — starting fresh
2026-04-30 18:39:58 | WARNING  | ayumi.risk | No state file at /tmp/pytest-of-root/pytest-465/test_signal_processing0/risk_state.json — starting fresh
2026-04-30 18:39:58 | WARNING  | ayumi.risk | No state file at /tmp/pytest-of-root/pytest-465/test_multiple_signals_in_seque0/risk_state.json — starting fresh
2026-04-30 18:39:58 | WARNING  | ayumi.risk | No state file at /tmp/pytest-of-root/pytest-465/test_fill_handling_updates_bal0/risk_state.json — starting fresh
2026-04-30 18:39:58 | WARNING  | ayumi.risk | No state file at /tmp/pytest-of-root/pytest-465/test_state_save_on_stop0/risk_state.json — starting fresh
2026-04-30 18:39:58 | WARNING  | ayumi.risk | No state file at /tmp/pytest-of-root/pytest-465/test_state_restore_on_start0/risk_state.json — starting fresh
2026-04-30 18:46:18 | WARNING  | ayumi.risk | No state file at /tmp/pytest-of-root/pytest-466/test_start_restores_no_state0/risk_state.json — starting fresh
2026-04-30 18:46:18 | WARNING  | ayumi.risk | No state file at /tmp/pytest-of-root/pytest-466/test_signal_processing0/risk_state.json — starting fresh
2026-04-30 18:46:18 | WARNING  | ayumi.risk | No state file at /tmp/pytest-of-root/pytest-466/test_multiple_signals_in_seque0/risk_state.json — starting fresh
2026-04-30 18:46:18 | WARNING  | ayumi.risk | No state file at /tmp/pytest-of-root/pytest-466/test_fill_handling_updates_bal0/risk_state.json — starting fresh
2026-04-30 18:46:18 | WARNING  | ayumi.risk | No state file at /tmp/pytest-of-root/pytest-466/test_state_save_on_stop0/risk_state.json — starting fresh
2026-04-30 18:46:18 | WARNING  | ayumi.risk | No state file at /tmp/pytest-of-root/pytest-466/test_state_restore_on_start0/risk_state.json — starting fresh
2026-04-30 18:52:40 | WARNING  | ayumi.risk | No state file at /tmp/pytest-of-root/pytest-467/test_start_restores_no_state0/risk_state.json — starting fresh
2026-04-30 18:52:40 | WARNING  | ayumi.risk | No state file at /tmp/pytest-of-root/pytest-467/test_signal_processing0/risk_state.json — starting fresh
2026-04-30 18:52:40 | WARNING  | ayumi.risk | No state file at /tmp/pytest-of-root/pytest-467/test_multiple_signals_in_seque0/risk_state.json — starting fresh
2026-04-30 18:52:40 | WARNING  | ayumi.risk | No state file at /tmp/pytest-of-root/pytest-467/test_fill_handling_updates_bal0/risk_state.json — starting fresh
2026-04-30 18:52:40 | WARNING  | ayumi.risk | No state file at /tmp/pytest-of-root/pytest-467/test_state_save_on_stop0/risk_state.json — starting fresh
2026-04-30 18:52:40 | WARNING  | ayumi.risk | No state file at /tmp/pytest-of-root/pytest-467/test_state_restore_on_start0/risk_state.json — starting fresh
2026-04-30 18:57:11 | INFO     | ayumi.forward_test | Shutdown signal received (sig=15)
2026-04-30 18:57:11 | INFO     | ayumi.openapi_spot_feed | Unsubscribed from spot events for symbol_id=2
2026-04-30 18:57:11 | INFO     | ayumi.openapi_spot_feed | Unsubscribed from spot events for symbol_id=4
2026-04-30 18:57:11 | INFO     | ayumi.openapi_spot_feed | OpenApiSpotFeed stopped
2026-04-30 18:57:11 | INFO     | ayumi.forward_test | Forward test stopped: balance=10000.00 trades=0 pnl=0.00 errors=0 reconnects=0
2026-04-30 18:57:11 | WARNING  | ayumi.openapi_spot_feed | Disconnected: [Failure instance: Traceback (failure with no frames): <class 'twisted.internet.error.ConnectionDone'>: Connection was closed cleanly.
]
2026-04-30 18:57:37 | INFO     | ayumi.blend_launcher | === Ayumi Multi-Strategy Forward Test (Blend Pipeline) ===
2026-04-30 18:57:37 | INFO     | ayumi.blend_launcher | Symbols: ['GBPUSD', 'USDJPY']
2026-04-30 18:57:39 | WARNING  | ayumi.blend_launcher | Could not fetch symbol list from OpenAPI: 'CTraderOpenApiClient' object has no attribute 'get_symbols' — using static mapping
2026-04-30 18:57:39 | INFO     | ayumi.blend_launcher | Fetching 100 H1 bars for GBPUSD (id=2)...
2026-04-30 18:57:41 | INFO     | ayumi.blend_launcher | Fetched 99 H1 bars for GBPUSD
2026-04-30 18:57:41 | INFO     | ayumi.blend_launcher | Fetching 200 M15 bars for GBPUSD (id=2)...
2026-04-30 18:57:41 | INFO     | ayumi.blend_launcher | === Ayumi Multi-Strategy Forward Test (Blend Pipeline) ===
2026-04-30 18:57:41 | INFO     | ayumi.blend_launcher | Symbols: ['GBPUSD', 'USDJPY']
2026-04-30 18:57:43 | INFO     | ayumi.blend_launcher | Fetched 199 M15 bars for GBPUSD
2026-04-30 18:57:43 | INFO     | ayumi.blend_launcher | Fetching 100 H1 bars for USDJPY (id=4)...
2026-04-30 18:57:44 | WARNING  | ayumi.blend_launcher | Could not fetch symbol list from OpenAPI: 'CTraderOpenApiClient' object has no attribute 'get_symbols' — using static mapping
2026-04-30 18:57:44 | INFO     | ayumi.blend_launcher | Fetching 100 H1 bars for GBPUSD (id=2)...
2026-04-30 18:57:45 | INFO     | ayumi.blend_launcher | Fetched 99 H1 bars for USDJPY
2026-04-30 18:57:45 | INFO     | ayumi.blend_launcher | Fetching 200 M15 bars for USDJPY (id=4)...
2026-04-30 18:57:46 | INFO     | ayumi.blend_launcher | Fetched 99 H1 bars for GBPUSD
2026-04-30 18:57:46 | INFO     | ayumi.blend_launcher | Fetching 200 M15 bars for GBPUSD (id=2)...
2026-04-30 18:57:47 | INFO     | ayumi.blend_launcher | Fetched 199 M15 bars for USDJPY
2026-04-30 18:57:47 | INFO     | ayumi.blend_launcher | Registered 5 strategies: ['SRMR+', 'Killzone Momentum', 'Donchian Channel Breakout', 'Session-Range Mean Reversion', 'BB+RSI Mean Reversion']
2026-04-30 18:57:47 | INFO     | ayumi.blend_launcher | All strategy .name properties verified against maps
2026-04-30 18:57:47 | INFO     | ayumi.risk | Restored risk state from data/risk_state_blend.json
2026-04-30 18:57:47 | INFO     | ayumi.forward_test | BlendForwardTestRunner started — balance=$10000.00
2026-04-30 18:57:48 | INFO     | ayumi.blend_launcher | Fetched 199 M15 bars for GBPUSD
2026-04-30 18:57:48 | INFO     | ayumi.blend_launcher | Fetching 100 H1 bars for USDJPY (id=4)...
2026-04-30 18:57:50 | INFO     | ayumi.blend_launcher | Fetched 99 H1 bars for USDJPY
2026-04-30 18:57:50 | INFO     | ayumi.blend_launcher | Fetching 200 M15 bars for USDJPY (id=4)...
2026-04-30 18:57:52 | INFO     | ayumi.blend_launcher | Fetched 199 M15 bars for USDJPY
2026-04-30 18:57:52 | INFO     | ayumi.blend_launcher | Registered 5 strategies: ['SRMR+', 'Killzone Momentum', 'Donchian Channel Breakout', 'Session-Range Mean Reversion', 'BB+RSI Mean Reversion']
2026-04-30 18:57:52 | INFO     | ayumi.blend_launcher | All strategy .name properties verified against maps
2026-04-30 18:57:52 | INFO     | ayumi.risk | Restored risk state from data/risk_state_blend.json
2026-04-30 18:57:52 | INFO     | ayumi.forward_test | BlendForwardTestRunner started — balance=$10000.00
2026-04-30 18:58:50 | INFO     | ayumi.blend_launcher | === Ayumi Multi-Strategy Forward Test (Blend Pipeline) ===
2026-04-30 18:58:50 | INFO     | ayumi.blend_launcher | Symbols: ['GBPUSD', 'USDJPY']
2026-04-30 18:58:52 | WARNING  | ayumi.blend_launcher | Could not fetch symbol list from OpenAPI: 'CTraderOpenApiClient' object has no attribute 'get_symbols' — using static mapping
2026-04-30 18:58:52 | INFO     | ayumi.blend_launcher | Fetching 100 H1 bars for GBPUSD (id=2)...
2026-04-30 18:58:54 | INFO     | ayumi.blend_launcher | Fetched 99 H1 bars for GBPUSD
2026-04-30 18:58:54 | INFO     | ayumi.blend_launcher | Fetching 200 M15 bars for GBPUSD (id=2)...
2026-04-30 18:58:56 | INFO     | ayumi.blend_launcher | Fetched 199 M15 bars for GBPUSD
2026-04-30 18:58:56 | INFO     | ayumi.blend_launcher | Fetching 100 H1 bars for USDJPY (id=4)...
2026-04-30 18:58:58 | INFO     | ayumi.blend_launcher | Fetched 99 H1 bars for USDJPY
2026-04-30 18:58:58 | INFO     | ayumi.blend_launcher | Fetching 200 M15 bars for USDJPY (id=4)...
2026-04-30 18:59:00 | INFO     | ayumi.blend_launcher | Fetched 199 M15 bars for USDJPY
2026-04-30 18:59:00 | INFO     | ayumi.blend_launcher | Registered 5 strategies: ['SRMR+', 'Killzone Momentum', 'Donchian Channel Breakout', 'Session-Range Mean Reversion', 'BB+RSI Mean Reversion']
2026-04-30 18:59:00 | INFO     | ayumi.blend_launcher | All strategy .name properties verified against maps
2026-04-30 18:59:00 | INFO     | ayumi.risk | Restored risk state from data/risk_state_blend.json
2026-04-30 18:59:00 | INFO     | ayumi.forward_test | BlendForwardTestRunner started — balance=$10000.00
2026-04-30 18:59:36 | INFO     | ayumi.blend_launcher | === Ayumi Multi-Strategy Forward Test (Blend Pipeline) ===
2026-04-30 18:59:36 | INFO     | ayumi.blend_launcher | Symbols: ['GBPUSD', 'USDJPY']
2026-04-30 18:59:38 | WARNING  | ayumi.blend_launcher | Could not fetch symbol list from OpenAPI: 'CTraderOpenApiClient' object has no attribute 'get_symbols' — using static mapping
2026-04-30 18:59:38 | INFO     | ayumi.blend_launcher | Fetching 100 H1 bars for GBPUSD (id=2)...
2026-04-30 18:59:40 | INFO     | ayumi.blend_launcher | Fetched 99 H1 bars for GBPUSD
2026-04-30 18:59:40 | INFO     | ayumi.blend_launcher | Fetching 200 M15 bars for GBPUSD (id=2)...
2026-04-30 18:59:42 | INFO     | ayumi.blend_launcher | Fetched 199 M15 bars for GBPUSD
2026-04-30 18:59:42 | INFO     | ayumi.blend_launcher | Fetching 100 H1 bars for USDJPY (id=4)...
2026-04-30 18:59:44 | INFO     | ayumi.blend_launcher | Fetched 99 H1 bars for USDJPY
2026-04-30 18:59:44 | INFO     | ayumi.blend_launcher | Fetching 200 M15 bars for USDJPY (id=4)...
2026-04-30 18:59:46 | INFO     | ayumi.blend_launcher | Fetched 199 M15 bars for USDJPY
2026-04-30 18:59:46 | INFO     | ayumi.blend_launcher | Registered 5 strategies: ['SRMR+', 'Killzone Momentum', 'Donchian Channel Breakout', 'Session-Range Mean Reversion', 'BB+RSI Mean Reversion']
2026-04-30 18:59:46 | INFO     | ayumi.blend_launcher | All strategy .name properties verified against maps
2026-04-30 18:59:46 | INFO     | ayumi.risk | Restored risk state from data/risk_state_blend.json
2026-04-30 18:59:46 | INFO     | ayumi.forward_test | BlendForwardTestRunner started — balance=$10000.00
2026-04-30 19:00:32 | INFO     | ayumi.blend_launcher | === Ayumi Multi-Strategy Forward Test (Blend Pipeline) ===
2026-04-30 19:00:32 | INFO     | ayumi.blend_launcher | Symbols: ['GBPUSD', 'USDJPY']
2026-04-30 19:00:34 | WARNING  | ayumi.blend_launcher | Could not fetch symbol list from OpenAPI: 'CTraderOpenApiClient' object has no attribute 'get_symbols' — using static mapping
2026-04-30 19:00:34 | INFO     | ayumi.blend_launcher | Fetching 100 H1 bars for GBPUSD (id=2)...
2026-04-30 19:00:36 | INFO     | ayumi.blend_launcher | Fetched 99 H1 bars for GBPUSD
2026-04-30 19:00:36 | INFO     | ayumi.blend_launcher | Fetching 200 M15 bars for GBPUSD (id=2)...
2026-04-30 19:00:38 | INFO     | ayumi.blend_launcher | Fetched 199 M15 bars for GBPUSD
2026-04-30 19:00:38 | INFO     | ayumi.blend_launcher | Fetching 100 H1 bars for USDJPY (id=4)...
2026-04-30 19:00:40 | INFO     | ayumi.blend_launcher | Fetched 99 H1 bars for USDJPY
2026-04-30 19:00:40 | INFO     | ayumi.blend_launcher | Fetching 200 M15 bars for USDJPY (id=4)...
2026-04-30 19:00:42 | INFO     | ayumi.blend_launcher | Fetched 199 M15 bars for USDJPY
2026-04-30 19:00:42 | INFO     | ayumi.blend_launcher | Registered 5 strategies: ['SRMR+', 'Killzone Momentum', 'Donchian Channel Breakout', 'Session-Range Mean Reversion', 'BB+RSI Mean Reversion']
2026-04-30 19:00:42 | INFO     | ayumi.blend_launcher | All strategy .name properties verified against maps
2026-04-30 19:00:42 | INFO     | ayumi.risk | Restored risk state from data/risk_state_blend.json
2026-04-30 19:00:42 | INFO     | ayumi.forward_test | BlendForwardTestRunner started — balance=$10000.00
2026-04-30 19:00:42 | INFO     | ayumi.blend_launcher | === STARTING MULTI-STRATEGY FORWARD TEST ===
2026-04-30 19:00:42 | INFO     | ayumi.blend_launcher | Pipeline: SRMR+ + Killzone + Momentum + SessionRangeMR → Correlation Gate → Blend Runner → Paper
2026-04-30 19:03:03 | INFO     | ayumi.blend_launcher | === Ayumi Multi-Strategy Forward Test (Blend Pipeline) ===
2026-04-30 19:03:03 | INFO     | ayumi.blend_launcher | Symbols: ['GBPUSD', 'USDJPY']
2026-04-30 19:03:06 | WARNING  | ayumi.blend_launcher | Could not fetch symbol list from OpenAPI: 'CTraderOpenApiClient' object has no attribute 'get_symbols' — using static mapping
2026-04-30 19:03:06 | INFO     | ayumi.blend_launcher | Fetching 100 H1 bars for GBPUSD (id=2)...
2026-04-30 19:03:08 | INFO     | ayumi.blend_launcher | Fetched 99 H1 bars for GBPUSD
2026-04-30 19:03:08 | INFO     | ayumi.blend_launcher | Fetching 200 M15 bars for GBPUSD (id=2)...
2026-04-30 19:03:10 | INFO     | ayumi.blend_launcher | Fetched 199 M15 bars for GBPUSD
2026-04-30 19:03:10 | INFO     | ayumi.blend_launcher | Fetching 100 H1 bars for USDJPY (id=4)...
2026-04-30 19:03:11 | INFO     | ayumi.blend_launcher | === Ayumi Multi-Strategy Forward Test (Blend Pipeline) ===
2026-04-30 19:03:11 | INFO     | ayumi.blend_launcher | Symbols: ['GBPUSD', 'USDJPY']
2026-04-30 19:03:12 | INFO     | ayumi.blend_launcher | Fetched 99 H1 bars for USDJPY
2026-04-30 19:03:12 | INFO     | ayumi.blend_launcher | Fetching 200 M15 bars for USDJPY (id=4)...
2026-04-30 19:03:13 | WARNING  | ayumi.blend_launcher | Could not fetch symbol list from OpenAPI: 'CTraderOpenApiClient' object has no attribute 'get_symbols' — using static mapping
2026-04-30 19:03:13 | INFO     | ayumi.blend_launcher | Fetching 100 H1 bars for GBPUSD (id=2)...
2026-04-30 19:03:14 | INFO     | ayumi.blend_launcher | Fetched 199 M15 bars for USDJPY
2026-04-30 19:03:14 | INFO     | ayumi.blend_launcher | Registered 5 strategies: ['SRMR+', 'Killzone Momentum', 'Donchian Channel Breakout', 'Session-Range Mean Reversion', 'BB+RSI Mean Reversion']
2026-04-30 19:03:14 | INFO     | ayumi.blend_launcher | All strategy .name properties verified against maps
2026-04-30 19:03:14 | INFO     | ayumi.risk | Restored risk state from data/risk_state_blend.json
2026-04-30 19:03:14 | INFO     | ayumi.forward_test | BlendForwardTestRunner started — balance=$10000.00
2026-04-30 19:03:14 | INFO     | ayumi.blend_launcher | === STARTING MULTI-STRATEGY FORWARD TEST ===
2026-04-30 19:03:14 | INFO     | ayumi.blend_launcher | Pipeline: SRMR+ + Killzone + Momentum + SessionRangeMR → Correlation Gate → Blend Runner → Paper
2026-04-30 19:03:14 | INFO     | ayumi.forward_test | Market data feed connected for ['GBPUSD']
2026-04-30 19:03:14 | INFO     | ayumi.forward_test | Forward test started: symbols=['GBPUSD'] strategies=['SRMR+', 'Killzone Momentum', 'Donchian Channel Breakout', 'Session-Range Mean Reversion', 'BB+RSI Mean Reversion'] mode=PAPER eval_interval=1.0s bar_period=60m
2026-04-30 19:03:15 | INFO     | ayumi.blend_launcher | Fetched 99 H1 bars for GBPUSD
2026-04-30 19:03:15 | INFO     | ayumi.blend_launcher | Fetching 200 M15 bars for GBPUSD (id=2)...
2026-04-30 19:03:17 | INFO     | ayumi.blend_launcher | Fetched 199 M15 bars for GBPUSD
2026-04-30 19:03:17 | INFO     | ayumi.blend_launcher | Fetching 100 H1 bars for USDJPY (id=4)...
2026-04-30 19:03:19 | INFO     | ayumi.blend_launcher | Fetched 99 H1 bars for USDJPY
2026-04-30 19:03:19 | INFO     | ayumi.blend_launcher | Fetching 200 M15 bars for USDJPY (id=4)...
2026-04-30 19:03:21 | INFO     | ayumi.blend_launcher | Fetched 199 M15 bars for USDJPY
2026-04-30 19:03:21 | INFO     | ayumi.blend_launcher | Registered 5 strategies: ['SRMR+', 'Killzone Momentum', 'Donchian Channel Breakout', 'Session-Range Mean Reversion', 'BB+RSI Mean Reversion']
2026-04-30 19:03:21 | INFO     | ayumi.blend_launcher | All strategy .name properties verified against maps
2026-04-30 19:03:21 | INFO     | ayumi.risk | Restored risk state from data/risk_state_blend.json
2026-04-30 19:03:21 | INFO     | ayumi.forward_test | BlendForwardTestRunner started — balance=$10000.00
2026-04-30 19:03:21 | INFO     | ayumi.blend_launcher | === STARTING MULTI-STRATEGY FORWARD TEST ===
2026-04-30 19:03:21 | INFO     | ayumi.blend_launcher | Pipeline: SRMR+ + Killzone + Momentum + SessionRangeMR → Correlation Gate → Blend Runner → Paper
2026-04-30 19:03:21 | INFO     | ayumi.forward_test | Market data feed connected for ['GBPUSD']
2026-04-30 19:03:21 | INFO     | ayumi.forward_test | Forward test started: symbols=['GBPUSD'] strategies=['SRMR+', 'Killzone Momentum', 'Donchian Channel Breakout', 'Session-Range Mean Reversion', 'BB+RSI Mean Reversion'] mode=PAPER eval_interval=1.0s bar_period=60m
2026-04-30 19:03:31 | WARNING  | ayumi.forward_test | Connection health check failed: connected=False last_tick_ago=infs threshold=900.0s — reconnecting
2026-04-30 19:03:31 | INFO     | ayumi.forward_test | Reconnection attempt 1 (backoff=5.0s)
2026-04-30 19:03:32 | INFO     | ayumi.forward_test | Market data feed connected for ['GBPUSD']
2026-04-30 19:03:32 | INFO     | ayumi.forward_test | Reconnection successful — reset consecutive failure counter
2026-04-30 19:04:27 | WARNING  | ayumi.risk | No state file at /tmp/pytest-of-root/pytest-468/test_start_restores_no_state0/risk_state.json — starting fresh
2026-04-30 19:04:27 | WARNING  | ayumi.risk | No state file at /tmp/pytest-of-root/pytest-468/test_signal_processing0/risk_state.json — starting fresh
2026-04-30 19:04:27 | WARNING  | ayumi.risk | No state file at /tmp/pytest-of-root/pytest-468/test_multiple_signals_in_seque0/risk_state.json — starting fresh
2026-04-30 19:04:27 | WARNING  | ayumi.risk | No state file at /tmp/pytest-of-root/pytest-468/test_fill_handling_updates_bal0/risk_state.json — starting fresh
2026-04-30 19:04:27 | WARNING  | ayumi.risk | No state file at /tmp/pytest-of-root/pytest-468/test_state_save_on_stop0/risk_state.json — starting fresh
2026-04-30 19:04:27 | WARNING  | ayumi.risk | No state file at /tmp/pytest-of-root/pytest-468/test_state_restore_on_start0/risk_state.json — starting fresh
2026-04-30 19:04:30 | WARNING  | ayumi.forward_test | Reconnection failed — next attempt in 0.0s
2026-04-30 19:04:30 | WARNING  | ayumi.forward_test | Reconnection failed — next attempt in 0.0s
2026-04-30 19:04:30 | WARNING  | ayumi.forward_test | Reconnection failed — next attempt in 0.0s
2026-04-30 19:04:30 | WARNING  | ayumi.forward_test | Reconnection failed — next attempt in 0.0s
2026-04-30 19:04:30 | WARNING  | ayumi.forward_test | Reconnection failed — next attempt in 0.0s
2026-04-30 19:04:30 | WARNING  | ayumi.forward_test | Reconnection failed — next attempt in 0.0s
2026-04-30 19:04:30 | WARNING  | ayumi.forward_test | Reconnection failed — next attempt in 0.0s
2026-04-30 19:04:30 | WARNING  | ayumi.forward_test | Reconnection failed — next attempt in 0.0s
2026-04-30 19:04:30 | WARNING  | ayumi.forward_test | Reconnection failed — next attempt in 0.0s
2026-04-30 19:04:30 | CRITICAL | ayumi.forward_test | Reconnect circuit-breaker tripped: 10 consecutive attempts with no ticks (max=10). Stopping engine gracefully.
2026-04-30 19:04:30 | WARNING  | ayumi.forward_test | Reconnection failed — next attempt in 0.0s
2026-04-30 19:04:30 | WARNING  | ayumi.forward_test | Reconnection failed — next attempt in 0.0s
2026-04-30 19:04:30 | WARNING  | ayumi.forward_test | Reconnection failed — next attempt in 0.0s
2026-04-30 19:04:30 | WARNING  | ayumi.forward_test | Reconnection failed — next attempt in 0.0s
2026-04-30 19:04:30 | WARNING  | ayumi.forward_test | Reconnection failed — next attempt in 0.0s
2026-04-30 19:04:30 | WARNING  | ayumi.forward_test | Reconnection failed — next attempt in 0.0s
2026-04-30 19:04:30 | WARNING  | ayumi.forward_test | Reconnection failed — next attempt in 0.0s
2026-04-30 19:04:30 | CRITICAL | ayumi.forward_test | Reconnect circuit-breaker tripped: 3 consecutive attempts with no ticks (max=3). Stopping engine gracefully.
2026-04-30 19:04:30 | WARNING  | ayumi.forward_test | Connection health check failed: connected=False last_tick_ago=infs threshold=900.0s — reconnecting
2026-04-30 19:04:30 | WARNING  | ayumi.forward_test | Reconnection failed — next attempt in 0.0s
2026-04-30 19:04:30 | WARNING  | ayumi.forward_test | Connection health check failed: connected=False last_tick_ago=infs threshold=30.0s — reconnecting
2026-04-30 19:04:30 | WARNING  | ayumi.forward_test | Reconnection failed — next attempt in 0.0s
2026-04-30 19:04:30 | WARNING  | ayumi.forward_test | Connection health check failed: connected=False last_tick_ago=infs threshold=30.0s — reconnecting
2026-04-30 19:04:30 | WARNING  | ayumi.forward_test | Reconnection failed — next attempt in 0.0s
2026-04-30 19:15:51 | INFO     | ayumi.blend_launcher | === Ayumi Multi-Strategy Forward Test (Blend Pipeline) ===
2026-04-30 19:15:51 | INFO     | ayumi.blend_launcher | Symbols: ['GBPUSD', 'USDJPY']
2026-04-30 19:15:54 | WARNING  | ayumi.blend_launcher | Could not fetch symbol list from OpenAPI: 'CTraderOpenApiClient' object has no attribute 'get_symbols' — using static mapping
2026-04-30 19:15:54 | INFO     | ayumi.blend_launcher | Fetching 100 H1 bars for GBPUSD (id=2)...
2026-04-30 19:15:56 | INFO     | ayumi.blend_launcher | Fetched 99 H1 bars for GBPUSD
2026-04-30 19:15:56 | INFO     | ayumi.blend_launcher | Fetching 200 M15 bars for GBPUSD (id=2)...
2026-04-30 19:15:58 | INFO     | ayumi.blend_launcher | Fetched 199 M15 bars for GBPUSD
2026-04-30 19:15:58 | INFO     | ayumi.blend_launcher | Fetching 100 H1 bars for USDJPY (id=4)...
2026-04-30 19:16:00 | INFO     | ayumi.blend_launcher | Fetched 99 H1 bars for USDJPY
2026-04-30 19:16:00 | INFO     | ayumi.blend_launcher | Fetching 200 M15 bars for USDJPY (id=4)...
2026-04-30 19:16:00 | INFO     | ayumi.blend_launcher | === Ayumi Multi-Strategy Forward Test (Blend Pipeline) ===
2026-04-30 19:16:00 | INFO     | ayumi.blend_launcher | Symbols: ['GBPUSD', 'USDJPY']
2026-04-30 19:16:02 | INFO     | ayumi.blend_launcher | Fetched 199 M15 bars for USDJPY
2026-04-30 19:16:02 | INFO     | ayumi.blend_launcher | Registered 5 strategies: ['SRMR+', 'Killzone Momentum', 'Donchian Channel Breakout', 'Session-Range Mean Reversion', 'BB+RSI Mean Reversion']
2026-04-30 19:16:02 | INFO     | ayumi.blend_launcher | All strategy .name properties verified against maps
2026-04-30 19:16:02 | INFO     | ayumi.risk | Restored risk state from data/risk_state_blend.json
2026-04-30 19:16:02 | INFO     | ayumi.forward_test | BlendForwardTestRunner started — balance=$10000.00
2026-04-30 19:16:02 | INFO     | ayumi.blend_launcher | === STARTING MULTI-STRATEGY FORWARD TEST ===
2026-04-30 19:16:02 | INFO     | ayumi.blend_launcher | Pipeline: SRMR+ + Killzone + Momentum + SessionRangeMR → Correlation Gate → Blend Runner → Paper
2026-04-30 19:16:02 | INFO     | ayumi.openapi_spot_feed | Connected to demo.ctraderapi.com:5035
2026-04-30 19:16:03 | WARNING  | ayumi.blend_launcher | Could not fetch symbol list from OpenAPI: 'CTraderOpenApiClient' object has no attribute 'get_symbols' — using static mapping
2026-04-30 19:16:03 | INFO     | ayumi.blend_launcher | Fetching 100 H1 bars for GBPUSD (id=2)...
2026-04-30 19:16:03 | INFO     | ayumi.openapi_spot_feed | Application authenticated
2026-04-30 19:16:04 | INFO     | ayumi.openapi_spot_feed | Account authenticated
2026-04-30 19:16:04 | INFO     | ayumi.openapi_spot_feed | Requesting symbol list for account 46877902
2026-04-30 19:16:05 | INFO     | ayumi.blend_launcher | Fetched 99 H1 bars for GBPUSD
2026-04-30 19:16:05 | INFO     | ayumi.blend_launcher | Fetching 200 M15 bars for GBPUSD (id=2)...
2026-04-30 19:16:05 | INFO     | ayumi.openapi_spot_feed | Loaded 830 symbol name mappings from API
2026-04-30 19:16:06 | INFO     | ayumi.openapi_spot_feed | Fetched symbol details: id=2 digits=5
2026-04-30 19:16:06 | INFO     | ayumi.openapi_spot_feed | Subscribed to spot events for symbol_id=2
2026-04-30 19:16:06 | INFO     | ayumi.openapi_spot_feed | OpenApiSpotFeed started: account=46877902 symbols_loaded=1
2026-04-30 19:16:06 | INFO     | ayumi.forward_test | Open API spot feed connected for ['GBPUSD']
2026-04-30 19:16:06 | INFO     | ayumi.forward_test | Forward test started: symbols=['GBPUSD'] strategies=['SRMR+', 'Killzone Momentum', 'Donchian Channel Breakout', 'Session-Range Mean Reversion', 'BB+RSI Mean Reversion'] mode=PAPER eval_interval=1.0s bar_period=60m
2026-04-30 19:16:07 | INFO     | ayumi.blend_launcher | Fetched 199 M15 bars for GBPUSD
2026-04-30 19:16:07 | INFO     | ayumi.blend_launcher | Fetching 100 H1 bars for USDJPY (id=4)...
2026-04-30 19:16:09 | INFO     | ayumi.blend_launcher | Fetched 99 H1 bars for USDJPY
2026-04-30 19:16:09 | INFO     | ayumi.blend_launcher | Fetching 200 M15 bars for USDJPY (id=4)...
2026-04-30 19:16:11 | INFO     | ayumi.blend_launcher | Fetched 199 M15 bars for USDJPY
2026-04-30 19:16:11 | INFO     | ayumi.blend_launcher | Registered 5 strategies: ['SRMR+', 'Killzone Momentum', 'Donchian Channel Breakout', 'Session-Range Mean Reversion', 'BB+RSI Mean Reversion']
2026-04-30 19:16:11 | INFO     | ayumi.blend_launcher | All strategy .name properties verified against maps
2026-04-30 19:16:11 | INFO     | ayumi.risk | Restored risk state from data/risk_state_blend.json
2026-04-30 19:16:11 | INFO     | ayumi.forward_test | BlendForwardTestRunner started — balance=$10000.00
2026-04-30 19:16:11 | INFO     | ayumi.blend_launcher | === STARTING MULTI-STRATEGY FORWARD TEST ===
2026-04-30 19:16:11 | INFO     | ayumi.blend_launcher | Pipeline: SRMR+ + Killzone + Momentum + SessionRangeMR → Correlation Gate → Blend Runner → Paper
2026-04-30 19:16:11 | INFO     | ayumi.openapi_spot_feed | Connected to demo.ctraderapi.com:5035
2026-04-30 19:16:12 | INFO     | ayumi.openapi_spot_feed | Application authenticated
2026-04-30 19:16:13 | INFO     | ayumi.openapi_spot_feed | Account authenticated
2026-04-30 19:16:13 | INFO     | ayumi.openapi_spot_feed | Requesting symbol list for account 46877902
2026-04-30 19:16:14 | INFO     | ayumi.openapi_spot_feed | Loaded 830 symbol name mappings from API
2026-04-30 19:16:15 | INFO     | ayumi.openapi_spot_feed | Fetched symbol details: id=2 digits=5
2026-04-30 19:16:15 | INFO     | ayumi.openapi_spot_feed | Subscribed to spot events for symbol_id=2
2026-04-30 19:16:15 | INFO     | ayumi.openapi_spot_feed | OpenApiSpotFeed started: account=46877902 symbols_loaded=1
2026-04-30 19:16:15 | INFO     | ayumi.forward_test | Open API spot feed connected for ['GBPUSD']
2026-04-30 19:16:15 | INFO     | ayumi.forward_test | Forward test started: symbols=['GBPUSD'] strategies=['SRMR+', 'Killzone Momentum', 'Donchian Channel Breakout', 'Session-Range Mean Reversion', 'BB+RSI Mean Reversion'] mode=PAPER eval_interval=1.0s bar_period=60m
2026-04-30 19:26:51 | WARNING  | ayumi.risk | No state file at /tmp/pytest-of-root/pytest-469/test_start_restores_no_state0/risk_state.json — starting fresh
2026-04-30 19:26:51 | WARNING  | ayumi.risk | No state file at /tmp/pytest-of-root/pytest-469/test_signal_processing0/risk_state.json — starting fresh
2026-04-30 19:26:51 | WARNING  | ayumi.risk | No state file at /tmp/pytest-of-root/pytest-469/test_multiple_signals_in_seque0/risk_state.json — starting fresh
2026-04-30 19:26:51 | WARNING  | ayumi.risk | No state file at /tmp/pytest-of-root/pytest-469/test_fill_handling_updates_bal0/risk_state.json — starting fresh
2026-04-30 19:26:51 | WARNING  | ayumi.risk | No state file at /tmp/pytest-of-root/pytest-469/test_state_save_on_stop0/risk_state.json — starting fresh
2026-04-30 19:26:51 | WARNING  | ayumi.risk | No state file at /tmp/pytest-of-root/pytest-469/test_state_restore_on_start0/risk_state.json — starting fresh
2026-04-30 19:26:54 | WARNING  | ayumi.forward_test | Reconnection failed — next attempt in 0.0s
2026-04-30 19:26:54 | WARNING  | ayumi.forward_test | Reconnection failed — next attempt in 0.0s
2026-04-30 19:26:54 | WARNING  | ayumi.forward_test | Reconnection failed — next attempt in 0.0s
2026-04-30 19:26:54 | WARNING  | ayumi.forward_test | Reconnection failed — next attempt in 0.0s
2026-04-30 19:26:54 | WARNING  | ayumi.forward_test | Reconnection failed — next attempt in 0.0s
2026-04-30 19:26:54 | WARNING  | ayumi.forward_test | Reconnection failed — next attempt in 0.0s
2026-04-30 19:26:54 | WARNING  | ayumi.forward_test | Reconnection failed — next attempt in 0.0s
2026-04-30 19:26:54 | WARNING  | ayumi.forward_test | Reconnection failed — next attempt in 0.0s
2026-04-30 19:26:54 | WARNING  | ayumi.forward_test | Reconnection failed — next attempt in 0.0s
2026-04-30 19:26:54 | CRITICAL | ayumi.forward_test | Reconnect circuit-breaker tripped: 10 consecutive attempts with no ticks (max=10). Stopping engine gracefully.
2026-04-30 19:26:54 | WARNING  | ayumi.forward_test | Reconnection failed — next attempt in 0.0s
2026-04-30 19:26:54 | WARNING  | ayumi.forward_test | Reconnection failed — next attempt in 0.0s
2026-04-30 19:26:54 | WARNING  | ayumi.forward_test | Reconnection failed — next attempt in 0.0s
2026-04-30 19:26:54 | WARNING  | ayumi.forward_test | Reconnection failed — next attempt in 0.0s
2026-04-30 19:26:54 | WARNING  | ayumi.forward_test | Reconnection failed — next attempt in 0.0s
2026-04-30 19:26:54 | WARNING  | ayumi.forward_test | Reconnection failed — next attempt in 0.0s
2026-04-30 19:26:54 | WARNING  | ayumi.forward_test | Reconnection failed — next attempt in 0.0s
2026-04-30 19:26:54 | CRITICAL | ayumi.forward_test | Reconnect circuit-breaker tripped: 3 consecutive attempts with no ticks (max=3). Stopping engine gracefully.
2026-04-30 19:26:54 | WARNING  | ayumi.forward_test | Connection health check failed: connected=False last_tick_ago=infs threshold=900.0s — reconnecting
2026-04-30 19:26:54 | WARNING  | ayumi.forward_test | Reconnection failed — next attempt in 0.0s
2026-04-30 19:26:54 | WARNING  | ayumi.forward_test | Connection health check failed: connected=False last_tick_ago=infs threshold=30.0s — reconnecting
2026-04-30 19:26:54 | WARNING  | ayumi.forward_test | Reconnection failed — next attempt in 0.0s
2026-04-30 19:26:54 | WARNING  | ayumi.forward_test | Connection health check failed: connected=False last_tick_ago=infs threshold=30.0s — reconnecting
2026-04-30 19:26:54 | WARNING  | ayumi.forward_test | Reconnection failed — next attempt in 0.0s
2026-04-30 19:53:25 | WARNING  | ayumi.risk | No state file at /tmp/pytest-of-root/pytest-470/test_start_restores_no_state0/risk_state.json — starting fresh
2026-04-30 19:53:25 | WARNING  | ayumi.risk | No state file at /tmp/pytest-of-root/pytest-470/test_signal_processing0/risk_state.json — starting fresh
2026-04-30 19:53:25 | WARNING  | ayumi.risk | No state file at /tmp/pytest-of-root/pytest-470/test_multiple_signals_in_seque0/risk_state.json — starting fresh
2026-04-30 19:53:25 | WARNING  | ayumi.risk | No state file at /tmp/pytest-of-root/pytest-470/test_fill_handling_updates_bal0/risk_state.json — starting fresh
2026-04-30 19:53:25 | WARNING  | ayumi.risk | No state file at /tmp/pytest-of-root/pytest-470/test_state_save_on_stop0/risk_state.json — starting fresh
2026-04-30 19:53:25 | WARNING  | ayumi.risk | No state file at /tmp/pytest-of-root/pytest-470/test_state_restore_on_start0/risk_state.json — starting fresh
2026-04-30 19:53:27 | WARNING  | ayumi.forward_test | Reconnection failed — next attempt in 0.0s
2026-04-30 19:53:27 | WARNING  | ayumi.forward_test | Reconnection failed — next attempt in 0.0s
2026-04-30 19:53:27 | WARNING  | ayumi.forward_test | Reconnection failed — next attempt in 0.0s
2026-04-30 19:53:27 | WARNING  | ayumi.forward_test | Reconnection failed — next attempt in 0.0s
2026-04-30 19:53:27 | WARNING  | ayumi.forward_test | Reconnection failed — next attempt in 0.0s
2026-04-30 19:53:27 | WARNING  | ayumi.forward_test | Reconnection failed — next attempt in 0.0s
2026-04-30 19:53:27 | WARNING  | ayumi.forward_test | Reconnection failed — next attempt in 0.0s
2026-04-30 19:53:27 | WARNING  | ayumi.forward_test | Reconnection failed — next attempt in 0.0s
2026-04-30 19:53:27 | WARNING  | ayumi.forward_test | Reconnection failed — next attempt in 0.0s
2026-04-30 19:53:27 | CRITICAL | ayumi.forward_test | Reconnect circuit-breaker tripped: 10 consecutive attempts with no ticks (max=10). Stopping engine gracefully.
2026-04-30 19:53:27 | WARNING  | ayumi.forward_test | Reconnection failed — next attempt in 0.0s
2026-04-30 19:53:27 | WARNING  | ayumi.forward_test | Reconnection failed — next attempt in 0.0s
2026-04-30 19:53:27 | WARNING  | ayumi.forward_test | Reconnection failed — next attempt in 0.0s
2026-04-30 19:53:27 | WARNING  | ayumi.forward_test | Reconnection failed — next attempt in 0.0s
2026-04-30 19:53:27 | WARNING  | ayumi.forward_test | Reconnection failed — next attempt in 0.0s
2026-04-30 19:53:27 | WARNING  | ayumi.forward_test | Reconnection failed — next attempt in 0.0s
2026-04-30 19:53:27 | WARNING  | ayumi.forward_test | Reconnection failed — next attempt in 0.0s
2026-04-30 19:53:27 | CRITICAL | ayumi.forward_test | Reconnect circuit-breaker tripped: 3 consecutive attempts with no ticks (max=3). Stopping engine gracefully.
2026-04-30 19:53:27 | WARNING  | ayumi.forward_test | Connection health check failed: connected=False last_tick_ago=infs threshold=900.0s — reconnecting
2026-04-30 19:53:27 | WARNING  | ayumi.forward_test | Reconnection failed — next attempt in 0.0s
2026-04-30 19:53:27 | WARNING  | ayumi.forward_test | Connection health check failed: connected=False last_tick_ago=infs threshold=30.0s — reconnecting
2026-04-30 19:53:27 | WARNING  | ayumi.forward_test | Reconnection failed — next attempt in 0.0s
2026-04-30 19:53:27 | WARNING  | ayumi.forward_test | Connection health check failed: connected=False last_tick_ago=infs threshold=30.0s — reconnecting
2026-04-30 19:53:27 | WARNING  | ayumi.forward_test | Reconnection failed — next attempt in 0.0s
2026-04-30 19:55:42 | WARNING  | ayumi.risk | No state file at /tmp/pytest-of-root/pytest-471/test_start_restores_no_state0/risk_state.json — starting fresh
2026-04-30 19:55:42 | WARNING  | ayumi.risk | No state file at /tmp/pytest-of-root/pytest-471/test_signal_processing0/risk_state.json — starting fresh
2026-04-30 19:55:42 | WARNING  | ayumi.risk | No state file at /tmp/pytest-of-root/pytest-471/test_multiple_signals_in_seque0/risk_state.json — starting fresh
2026-04-30 19:55:42 | WARNING  | ayumi.risk | No state file at /tmp/pytest-of-root/pytest-471/test_fill_handling_updates_bal0/risk_state.json — starting fresh
2026-04-30 19:55:42 | WARNING  | ayumi.risk | No state file at /tmp/pytest-of-root/pytest-471/test_state_save_on_stop0/risk_state.json — starting fresh
2026-04-30 19:55:42 | WARNING  | ayumi.risk | No state file at /tmp/pytest-of-root/pytest-471/test_state_restore_on_start0/risk_state.json — starting fresh
2026-04-30 19:55:45 | WARNING  | ayumi.forward_test | Reconnection failed — next attempt in 0.0s
2026-04-30 19:55:45 | WARNING  | ayumi.forward_test | Reconnection failed — next attempt in 0.0s
2026-04-30 19:55:45 | WARNING  | ayumi.forward_test | Reconnection failed — next attempt in 0.0s
2026-04-30 19:55:45 | WARNING  | ayumi.forward_test | Reconnection failed — next attempt in 0.0s
2026-04-30 19:55:45 | WARNING  | ayumi.forward_test | Reconnection failed — next attempt in 0.0s
2026-04-30 19:55:45 | WARNING  | ayumi.forward_test | Reconnection failed — next attempt in 0.0s
2026-04-30 19:55:45 | WARNING  | ayumi.forward_test | Reconnection failed — next attempt in 0.0s
2026-04-30 19:55:45 | WARNING  | ayumi.forward_test | Reconnection failed — next attempt in 0.0s
2026-04-30 19:55:45 | WARNING  | ayumi.forward_test | Reconnection failed — next attempt in 0.0s
2026-04-30 19:55:45 | CRITICAL | ayumi.forward_test | Reconnect circuit-breaker tripped: 10 consecutive attempts with no ticks (max=10). Stopping engine gracefully.
2026-04-30 19:55:45 | WARNING  | ayumi.forward_test | Reconnection failed — next attempt in 0.0s
2026-04-30 19:55:45 | WARNING  | ayumi.forward_test | Reconnection failed — next attempt in 0.0s
2026-04-30 19:55:45 | WARNING  | ayumi.forward_test | Reconnection failed — next attempt in 0.0s
2026-04-30 19:55:45 | WARNING  | ayumi.forward_test | Reconnection failed — next attempt in 0.0s
2026-04-30 19:55:45 | WARNING  | ayumi.forward_test | Reconnection failed — next attempt in 0.0s
2026-04-30 19:55:45 | WARNING  | ayumi.forward_test | Reconnection failed — next attempt in 0.0s
2026-04-30 19:55:45 | WARNING  | ayumi.forward_test | Reconnection failed — next attempt in 0.0s
2026-04-30 19:55:45 | CRITICAL | ayumi.forward_test | Reconnect circuit-breaker tripped: 3 consecutive attempts with no ticks (max=3). Stopping engine gracefully.
2026-04-30 19:55:45 | WARNING  | ayumi.forward_test | Connection health check failed: connected=False last_tick_ago=infs threshold=900.0s — reconnecting
2026-04-30 19:55:45 | WARNING  | ayumi.forward_test | Reconnection failed — next attempt in 0.0s
2026-04-30 19:55:45 | WARNING  | ayumi.forward_test | Connection health check failed: connected=False last_tick_ago=infs threshold=30.0s — reconnecting
2026-04-30 19:55:45 | WARNING  | ayumi.forward_test | Reconnection failed — next attempt in 0.0s
2026-04-30 19:55:45 | WARNING  | ayumi.forward_test | Connection health check failed: connected=False last_tick_ago=infs threshold=30.0s — reconnecting
2026-04-30 19:55:45 | WARNING  | ayumi.forward_test | Reconnection failed — next attempt in 0.0s
2026-04-30 19:57:35 | WARNING  | ayumi.orchestrator | Signal REJECTED by routing: strategy=test_strat symbol=EURUSD score=0.200
2026-04-30 19:57:35 | WARNING  | ayumi.orchestrator | Signal REJECTED by routing: strategy=test_strat symbol=EURUSD score=0.390
2026-04-30 19:57:35 | WARNING  | ayumi.orchestrator | Signal REJECTED by sizing: strategy=test_strat symbol=EURUSD reason=SL distance 1.0 pips < minimum 5.0 pips
2026-04-30 19:57:35 | WARNING  | ayumi.orchestrator | Signal REJECTED by sizing: strategy=test_strat symbol=EURUSD reason=Trade risk $50.00 exceeds daily remaining $0.00
2026-04-30 19:57:35 | WARNING  | ayumi.orchestrator | Signal REJECTED by sizing: strategy=test_strat symbol=EURUSD reason=Trading halted until 2026-05-01T19:57:35.928298+00:00: test breaker
2026-04-30 19:57:35 | WARNING  | ayumi.orchestrator | Signal REJECTED by sizing: strategy=test_strat symbol=FAKEPAIR reason=Unknown instrument: FAKEPAIR
2026-04-30 19:57:36 | WARNING  | ayumi.risk | No state file at /tmp/pytest-of-root/pytest-471/test_restore_missing_file0/risk_state.json — starting fresh
2026-04-30 19:57:36 | ERROR    | ayumi.risk | Corrupt state file /tmp/pytest-of-root/pytest-471/test_restore_corrupt_file0/risk_state.json: Expecting value: line 1 column 1 (char 0)
2026-04-30 19:58:29 | WARNING  | ayumi.risk | No state file at /tmp/pytest-of-root/pytest-472/test_start_restores_no_state0/risk_state.json — starting fresh
2026-04-30 19:58:29 | WARNING  | ayumi.risk | No state file at /tmp/pytest-of-root/pytest-472/test_signal_processing0/risk_state.json — starting fresh
2026-04-30 19:58:29 | WARNING  | ayumi.risk | No state file at /tmp/pytest-of-root/pytest-472/test_multiple_signals_in_seque0/risk_state.json — starting fresh
2026-04-30 19:58:29 | WARNING  | ayumi.risk | No state file at /tmp/pytest-of-root/pytest-472/test_fill_handling_updates_bal0/risk_state.json — starting fresh
2026-04-30 19:58:29 | WARNING  | ayumi.risk | No state file at /tmp/pytest-of-root/pytest-472/test_state_save_on_stop0/risk_state.json — starting fresh
2026-04-30 19:58:29 | WARNING  | ayumi.risk | No state file at /tmp/pytest-of-root/pytest-472/test_state_restore_on_start0/risk_state.json — starting fresh
2026-04-30 19:58:31 | WARNING  | ayumi.forward_test | Reconnection failed — next attempt in 0.0s
2026-04-30 19:58:31 | WARNING  | ayumi.forward_test | Reconnection failed — next attempt in 0.0s
2026-04-30 19:58:31 | WARNING  | ayumi.forward_test | Reconnection failed — next attempt in 0.0s
2026-04-30 19:58:31 | WARNING  | ayumi.forward_test | Reconnection failed — next attempt in 0.0s
2026-04-30 19:58:31 | WARNING  | ayumi.forward_test | Reconnection failed — next attempt in 0.0s
2026-04-30 19:58:31 | WARNING  | ayumi.forward_test | Reconnection failed — next attempt in 0.0s
2026-04-30 19:58:31 | WARNING  | ayumi.forward_test | Reconnection failed — next attempt in 0.0s
2026-04-30 19:58:31 | WARNING  | ayumi.forward_test | Reconnection failed — next attempt in 0.0s
2026-04-30 19:58:31 | WARNING  | ayumi.forward_test | Reconnection failed — next attempt in 0.0s
2026-04-30 19:58:31 | CRITICAL | ayumi.forward_test | Reconnect circuit-breaker tripped: 10 consecutive attempts with no ticks (max=10). Stopping engine gracefully.
2026-04-30 19:58:31 | WARNING  | ayumi.forward_test | Reconnection failed — next attempt in 0.0s
2026-04-30 19:58:31 | WARNING  | ayumi.forward_test | Reconnection failed — next attempt in 0.0s
2026-04-30 19:58:31 | WARNING  | ayumi.forward_test | Reconnection failed — next attempt in 0.0s
2026-04-30 19:58:31 | WARNING  | ayumi.forward_test | Reconnection failed — next attempt in 0.0s
2026-04-30 19:58:31 | WARNING  | ayumi.forward_test | Reconnection failed — next attempt in 0.0s
2026-04-30 19:58:31 | WARNING  | ayumi.forward_test | Reconnection failed — next attempt in 0.0s
2026-04-30 19:58:31 | WARNING  | ayumi.forward_test | Reconnection failed — next attempt in 0.0s
2026-04-30 19:58:31 | CRITICAL | ayumi.forward_test | Reconnect circuit-breaker tripped: 3 consecutive attempts with no ticks (max=3). Stopping engine gracefully.
2026-04-30 19:58:31 | WARNING  | ayumi.forward_test | Connection health check failed: connected=False last_tick_ago=infs threshold=900.0s — reconnecting
2026-04-30 19:58:31 | WARNING  | ayumi.forward_test | Reconnection failed — next attempt in 0.0s
2026-04-30 19:58:31 | WARNING  | ayumi.forward_test | Connection health check failed: connected=False last_tick_ago=infs threshold=30.0s — reconnecting
2026-04-30 19:58:31 | WARNING  | ayumi.forward_test | Reconnection failed — next attempt in 0.0s
2026-04-30 19:58:31 | WARNING  | ayumi.forward_test | Connection health check failed: connected=False last_tick_ago=infs threshold=30.0s — reconnecting
2026-04-30 19:58:31 | WARNING  | ayumi.forward_test | Reconnection failed — next attempt in 0.0s
2026-04-30 20:04:55 | WARNING  | ayumi.risk | No state file at /tmp/pytest-of-root/pytest-473/test_start_restores_no_state0/risk_state.json — starting fresh
2026-04-30 20:04:55 | WARNING  | ayumi.risk | No state file at /tmp/pytest-of-root/pytest-473/test_signal_processing0/risk_state.json — starting fresh
2026-04-30 20:04:55 | WARNING  | ayumi.risk | No state file at /tmp/pytest-of-root/pytest-473/test_multiple_signals_in_seque0/risk_state.json — starting fresh
2026-04-30 20:04:55 | WARNING  | ayumi.risk | No state file at /tmp/pytest-of-root/pytest-473/test_fill_handling_updates_bal0/risk_state.json — starting fresh
2026-04-30 20:04:55 | WARNING  | ayumi.risk | No state file at /tmp/pytest-of-root/pytest-473/test_state_save_on_stop0/risk_state.json — starting fresh
2026-04-30 20:04:55 | WARNING  | ayumi.risk | No state file at /tmp/pytest-of-root/pytest-473/test_state_restore_on_start0/risk_state.json — starting fresh
2026-04-30 20:04:57 | WARNING  | ayumi.forward_test | Reconnection failed — next attempt in 0.0s
2026-04-30 20:04:57 | WARNING  | ayumi.forward_test | Reconnection failed — next attempt in 0.0s
2026-04-30 20:04:57 | WARNING  | ayumi.forward_test | Reconnection failed — next attempt in 0.0s
2026-04-30 20:04:57 | WARNING  | ayumi.forward_test | Reconnection failed — next attempt in 0.0s
2026-04-30 20:04:57 | WARNING  | ayumi.forward_test | Reconnection failed — next attempt in 0.0s
2026-04-30 20:04:57 | WARNING  | ayumi.forward_test | Reconnection failed — next attempt in 0.0s
2026-04-30 20:04:57 | WARNING  | ayumi.forward_test | Reconnection failed — next attempt in 0.0s
2026-04-30 20:04:57 | WARNING  | ayumi.forward_test | Reconnection failed — next attempt in 0.0s
2026-04-30 20:04:57 | WARNING  | ayumi.forward_test | Reconnection failed — next attempt in 0.0s
2026-04-30 20:04:57 | CRITICAL | ayumi.forward_test | Reconnect circuit-breaker tripped: 10 consecutive attempts with no ticks (max=10). Stopping engine gracefully.
2026-04-30 20:04:57 | WARNING  | ayumi.forward_test | Reconnection failed — next attempt in 0.0s
2026-04-30 20:04:57 | WARNING  | ayumi.forward_test | Reconnection failed — next attempt in 0.0s
2026-04-30 20:04:57 | WARNING  | ayumi.forward_test | Reconnection failed — next attempt in 0.0s
2026-04-30 20:04:57 | WARNING  | ayumi.forward_test | Reconnection failed — next attempt in 0.0s
2026-04-30 20:04:57 | WARNING  | ayumi.forward_test | Reconnection failed — next attempt in 0.0s
2026-04-30 20:04:57 | WARNING  | ayumi.forward_test | Reconnection failed — next attempt in 0.0s
2026-04-30 20:04:57 | WARNING  | ayumi.forward_test | Reconnection failed — next attempt in 0.0s
2026-04-30 20:04:57 | CRITICAL | ayumi.forward_test | Reconnect circuit-breaker tripped: 3 consecutive attempts with no ticks (max=3). Stopping engine gracefully.
2026-04-30 20:04:57 | WARNING  | ayumi.forward_test | Connection health check failed: connected=False last_tick_ago=infs threshold=900.0s — reconnecting
2026-04-30 20:04:57 | WARNING  | ayumi.forward_test | Reconnection failed — next attempt in 0.0s
2026-04-30 20:04:57 | WARNING  | ayumi.forward_test | Connection health check failed: connected=False last_tick_ago=infs threshold=30.0s — reconnecting
2026-04-30 20:04:57 | WARNING  | ayumi.forward_test | Reconnection failed — next attempt in 0.0s
2026-04-30 20:04:57 | WARNING  | ayumi.forward_test | Connection health check failed: connected=False last_tick_ago=infs threshold=30.0s — reconnecting
2026-04-30 20:04:57 | WARNING  | ayumi.forward_test | Reconnection failed — next attempt in 0.0s
2026-04-30 20:07:48 | WARNING  | ayumi.orchestrator | Signal REJECTED by routing: strategy=test_strat symbol=EURUSD score=0.200
2026-04-30 20:07:48 | WARNING  | ayumi.orchestrator | Signal REJECTED by routing: strategy=test_strat symbol=EURUSD score=0.390
2026-04-30 20:07:48 | WARNING  | ayumi.orchestrator | Signal REJECTED by sizing: strategy=test_strat symbol=EURUSD reason=SL distance 1.0 pips < minimum 5.0 pips
2026-04-30 20:07:48 | WARNING  | ayumi.orchestrator | Signal REJECTED by sizing: strategy=test_strat symbol=EURUSD reason=Trade risk $50.00 exceeds daily remaining $0.00
2026-04-30 20:07:48 | WARNING  | ayumi.orchestrator | Signal REJECTED by sizing: strategy=test_strat symbol=EURUSD reason=Trading halted until 2026-05-01T20:07:48.079049+00:00: test breaker
2026-04-30 20:07:48 | WARNING  | ayumi.orchestrator | Signal REJECTED by sizing: strategy=test_strat symbol=FAKEPAIR reason=Unknown instrument: FAKEPAIR
2026-04-30 20:07:48 | WARNING  | ayumi.risk | No state file at /tmp/pytest-of-root/pytest-473/test_restore_missing_file0/risk_state.json — starting fresh
2026-04-30 20:07:48 | ERROR    | ayumi.risk | Corrupt state file /tmp/pytest-of-root/pytest-473/test_restore_corrupt_file0/risk_state.json: Expecting value: line 1 column 1 (char 0)
2026-04-30 20:10:20 | WARNING  | ayumi.risk | No state file at /tmp/pytest-of-root/pytest-474/test_start_restores_no_state0/risk_state.json — starting fresh
2026-04-30 20:10:20 | WARNING  | ayumi.risk | No state file at /tmp/pytest-of-root/pytest-474/test_signal_processing0/risk_state.json — starting fresh
2026-04-30 20:10:20 | WARNING  | ayumi.risk | No state file at /tmp/pytest-of-root/pytest-474/test_multiple_signals_in_seque0/risk_state.json — starting fresh
2026-04-30 20:10:20 | WARNING  | ayumi.risk | No state file at /tmp/pytest-of-root/pytest-474/test_fill_handling_updates_bal0/risk_state.json — starting fresh
2026-04-30 20:10:20 | WARNING  | ayumi.risk | No state file at /tmp/pytest-of-root/pytest-474/test_state_save_on_stop0/risk_state.json — starting fresh
2026-04-30 20:10:20 | WARNING  | ayumi.risk | No state file at /tmp/pytest-of-root/pytest-474/test_state_restore_on_start0/risk_state.json — starting fresh
2026-04-30 20:10:20 | WARNING  | ayumi.orchestrator | Signal REJECTED by routing: strategy=test_strat symbol=EURUSD score=0.200
2026-04-30 20:10:20 | WARNING  | ayumi.orchestrator | Signal REJECTED by routing: strategy=test_strat symbol=EURUSD score=0.390
2026-04-30 20:10:20 | WARNING  | ayumi.orchestrator | Signal REJECTED by sizing: strategy=test_strat symbol=EURUSD reason=SL distance 1.0 pips < minimum 5.0 pips
2026-04-30 20:10:20 | WARNING  | ayumi.orchestrator | Signal REJECTED by sizing: strategy=test_strat symbol=EURUSD reason=Trade risk $50.00 exceeds daily remaining $0.00
2026-04-30 20:10:20 | WARNING  | ayumi.orchestrator | Signal REJECTED by sizing: strategy=test_strat symbol=EURUSD reason=Trading halted until 2026-05-01T20:10:20.501916+00:00: test breaker
2026-04-30 20:10:20 | WARNING  | ayumi.orchestrator | Signal REJECTED by sizing: strategy=test_strat symbol=FAKEPAIR reason=Unknown instrument: FAKEPAIR
2026-04-30 20:28:40 | INFO     | ayumi.blend_launcher | === Ayumi Multi-Strategy Forward Test (Blend Pipeline) ===
2026-04-30 20:28:40 | INFO     | ayumi.blend_launcher | Symbols: ['GBPUSD', 'USDJPY']
2026-04-30 20:28:43 | WARNING  | ayumi.blend_launcher | Could not fetch symbol list from OpenAPI: 'CTraderOpenApiClient' object has no attribute 'get_symbols' — using static mapping
2026-04-30 20:28:43 | INFO     | ayumi.blend_launcher | Fetching 100 H1 bars for GBPUSD (id=2)...
2026-04-30 20:28:45 | INFO     | ayumi.blend_launcher | Fetched 99 H1 bars for GBPUSD
2026-04-30 20:28:45 | INFO     | ayumi.blend_launcher | Fetching 200 M15 bars for GBPUSD (id=2)...
2026-04-30 20:28:47 | INFO     | ayumi.blend_launcher | Fetched 199 M15 bars for GBPUSD
2026-04-30 20:28:47 | INFO     | ayumi.blend_launcher | Fetching 100 H1 bars for USDJPY (id=4)...
2026-04-30 20:28:49 | INFO     | ayumi.blend_launcher | Fetched 99 H1 bars for USDJPY
2026-04-30 20:28:49 | INFO     | ayumi.blend_launcher | Fetching 200 M15 bars for USDJPY (id=4)...
2026-04-30 20:28:51 | INFO     | ayumi.blend_launcher | Fetched 199 M15 bars for USDJPY
2026-04-30 20:28:51 | INFO     | ayumi.blend_launcher | Registered 5 strategies: ['SRMR+', 'Killzone Momentum', 'Donchian Channel Breakout', 'Session-Range Mean Reversion', 'BB+RSI Mean Reversion']
2026-04-30 20:28:51 | INFO     | ayumi.blend_launcher | All strategy .name properties verified against maps
2026-04-30 20:28:51 | INFO     | ayumi.risk | Restored risk state from data/risk_state_blend.json
2026-04-30 20:28:51 | INFO     | ayumi.forward_test | BlendForwardTestRunner started — balance=$10000.00
2026-04-30 20:28:51 | INFO     | ayumi.forward_test | Preloaded 99 bars into key 'GBPUSD:60'
2026-04-30 20:28:51 | INFO     | ayumi.blend_launcher | Preloaded 99 bars for GBPUSD:60
2026-04-30 20:28:51 | INFO     | ayumi.forward_test | Preloaded 199 bars into key 'GBPUSD:15'
2026-04-30 20:28:51 | INFO     | ayumi.blend_launcher | Preloaded 199 bars for GBPUSD:15
2026-04-30 20:28:51 | INFO     | ayumi.forward_test | Preloaded 99 bars into key 'USDJPY:60'
2026-04-30 20:28:51 | INFO     | ayumi.blend_launcher | Preloaded 99 bars for USDJPY:60
2026-04-30 20:28:51 | INFO     | ayumi.forward_test | Preloaded 199 bars into key 'USDJPY:15'
2026-04-30 20:28:51 | INFO     | ayumi.blend_launcher | Preloaded 199 bars for USDJPY:15
2026-04-30 20:28:51 | INFO     | ayumi.blend_launcher | Total bars preloaded: 596 across 2 symbols
2026-04-30 20:28:51 | INFO     | ayumi.blend_launcher | === STARTING MULTI-STRATEGY FORWARD TEST ===
2026-04-30 20:28:51 | INFO     | ayumi.blend_launcher | Pipeline: SRMR+ + Killzone + Momentum + SessionRangeMR → Correlation Gate → Blend Runner → Paper
2026-04-30 20:28:51 | INFO     | ayumi.openapi_spot_feed | Connected to demo.ctraderapi.com:5035
2026-04-30 20:28:51 | INFO     | ayumi.blend_launcher | === Ayumi Multi-Strategy Forward Test (Blend Pipeline) ===
2026-04-30 20:28:51 | INFO     | ayumi.blend_launcher | Symbols: ['GBPUSD', 'USDJPY']
2026-04-30 20:28:52 | INFO     | ayumi.openapi_spot_feed | Application authenticated
2026-04-30 20:28:53 | INFO     | ayumi.openapi_spot_feed | Account authenticated
2026-04-30 20:28:53 | INFO     | ayumi.openapi_spot_feed | Requesting symbol list for account 46877902
2026-04-30 20:28:53 | WARNING  | ayumi.blend_launcher | Could not fetch symbol list from OpenAPI: 'CTraderOpenApiClient' object has no attribute 'get_symbols' — using static mapping
2026-04-30 20:28:53 | INFO     | ayumi.blend_launcher | Fetching 100 H1 bars for GBPUSD (id=2)...
2026-04-30 20:28:54 | INFO     | ayumi.openapi_spot_feed | Loaded 830 symbol name mappings from API
2026-04-30 20:28:55 | INFO     | ayumi.openapi_spot_feed | Fetched symbol details: id=2 digits=5
2026-04-30 20:28:55 | INFO     | ayumi.openapi_spot_feed | Subscribed to spot events for symbol_id=2
2026-04-30 20:28:55 | INFO     | ayumi.blend_launcher | Fetched 99 H1 bars for GBPUSD
2026-04-30 20:28:55 | INFO     | ayumi.blend_launcher | Fetching 200 M15 bars for GBPUSD (id=2)...
2026-04-30 20:28:56 | INFO     | ayumi.openapi_spot_feed | Fetched symbol details: id=4 digits=3
2026-04-30 20:28:56 | INFO     | ayumi.openapi_spot_feed | Subscribed to spot events for symbol_id=4
2026-04-30 20:28:56 | INFO     | ayumi.openapi_spot_feed | OpenApiSpotFeed started: account=46877902 symbols_loaded=2
2026-04-30 20:28:56 | INFO     | ayumi.forward_test | Open API spot feed connected for ['GBPUSD', 'USDJPY']
2026-04-30 20:28:56 | INFO     | ayumi.forward_test | Forward test started: symbols=['GBPUSD', 'USDJPY'] strategies=['SRMR+', 'Killzone Momentum', 'Donchian Channel Breakout', 'Session-Range Mean Reversion', 'BB+RSI Mean Reversion'] mode=PAPER eval_interval=1.0s bar_period=60m
2026-04-30 20:28:57 | INFO     | ayumi.blend_launcher | Fetched 199 M15 bars for GBPUSD
2026-04-30 20:28:57 | INFO     | ayumi.blend_launcher | Fetching 100 H1 bars for USDJPY (id=4)...
2026-04-30 20:28:59 | INFO     | ayumi.blend_launcher | Fetched 99 H1 bars for USDJPY
2026-04-30 20:28:59 | INFO     | ayumi.blend_launcher | Fetching 200 M15 bars for USDJPY (id=4)...
2026-04-30 20:29:01 | INFO     | ayumi.blend_launcher | Fetched 199 M15 bars for USDJPY
2026-04-30 20:29:01 | INFO     | ayumi.blend_launcher | Registered 5 strategies: ['SRMR+', 'Killzone Momentum', 'Donchian Channel Breakout', 'Session-Range Mean Reversion', 'BB+RSI Mean Reversion']
2026-04-30 20:29:01 | INFO     | ayumi.blend_launcher | All strategy .name properties verified against maps
2026-04-30 20:29:01 | INFO     | ayumi.risk | Restored risk state from data/risk_state_blend.json
2026-04-30 20:29:01 | INFO     | ayumi.forward_test | BlendForwardTestRunner started — balance=$10000.00
2026-04-30 20:29:01 | INFO     | ayumi.forward_test | Preloaded 99 bars into key 'GBPUSD:60'
2026-04-30 20:29:01 | INFO     | ayumi.blend_launcher | Preloaded 99 bars for GBPUSD:60
2026-04-30 20:29:01 | INFO     | ayumi.forward_test | Preloaded 199 bars into key 'GBPUSD:15'
2026-04-30 20:29:01 | INFO     | ayumi.blend_launcher | Preloaded 199 bars for GBPUSD:15
2026-04-30 20:29:01 | INFO     | ayumi.forward_test | Preloaded 99 bars into key 'USDJPY:60'
2026-04-30 20:29:01 | INFO     | ayumi.blend_launcher | Preloaded 99 bars for USDJPY:60
2026-04-30 20:29:01 | INFO     | ayumi.forward_test | Preloaded 199 bars into key 'USDJPY:15'
2026-04-30 20:29:01 | INFO     | ayumi.blend_launcher | Preloaded 199 bars for USDJPY:15
2026-04-30 20:29:01 | INFO     | ayumi.blend_launcher | Total bars preloaded: 596 across 2 symbols
2026-04-30 20:29:01 | INFO     | ayumi.blend_launcher | === STARTING MULTI-STRATEGY FORWARD TEST ===
2026-04-30 20:29:01 | INFO     | ayumi.blend_launcher | Pipeline: SRMR+ + Killzone + Momentum + SessionRangeMR → Correlation Gate → Blend Runner → Paper
2026-04-30 20:29:01 | INFO     | ayumi.openapi_spot_feed | Connected to demo.ctraderapi.com:5035
2026-04-30 20:29:03 | INFO     | ayumi.openapi_spot_feed | Application authenticated
2026-04-30 20:29:04 | INFO     | ayumi.openapi_spot_feed | Account authenticated
2026-04-30 20:29:04 | INFO     | ayumi.openapi_spot_feed | Requesting symbol list for account 46877902
2026-04-30 20:29:05 | INFO     | ayumi.openapi_spot_feed | Loaded 830 symbol name mappings from API
2026-04-30 20:29:06 | INFO     | ayumi.openapi_spot_feed | Fetched symbol details: id=2 digits=5
2026-04-30 20:29:06 | INFO     | ayumi.openapi_spot_feed | Subscribed to spot events for symbol_id=2
2026-04-30 20:29:07 | INFO     | ayumi.openapi_spot_feed | Fetched symbol details: id=4 digits=3
2026-04-30 20:29:07 | INFO     | ayumi.openapi_spot_feed | Subscribed to spot events for symbol_id=4
2026-04-30 20:29:07 | INFO     | ayumi.openapi_spot_feed | OpenApiSpotFeed started: account=46877902 symbols_loaded=2
2026-04-30 20:29:07 | INFO     | ayumi.forward_test | Open API spot feed connected for ['GBPUSD', 'USDJPY']
2026-04-30 20:29:07 | INFO     | ayumi.forward_test | Forward test started: symbols=['GBPUSD', 'USDJPY'] strategies=['SRMR+', 'Killzone Momentum', 'Donchian Channel Breakout', 'Session-Range Mean Reversion', 'BB+RSI Mean Reversion'] mode=PAPER eval_interval=1.0s bar_period=60m
2026-04-30 20:44:56 | WARNING  | ayumi.forward_test | Connection health check failed: connected=True last_tick_ago=901.5s threshold=900.0s — reconnecting
2026-04-30 20:44:56 | INFO     | ayumi.forward_test | Reconnection attempt 1 (backoff=5.0s)
2026-04-30 20:44:56 | INFO     | ayumi.openapi_spot_feed | Unsubscribed from spot events for symbol_id=2
2026-04-30 20:44:56 | INFO     | ayumi.openapi_spot_feed | Unsubscribed from spot events for symbol_id=4
2026-04-30 20:44:56 | INFO     | ayumi.openapi_spot_feed | OpenApiSpotFeed stopped
2026-04-30 20:44:56 | WARNING  | ayumi.openapi_spot_feed | Disconnected: [Failure instance: Traceback (failure with no frames): <class 'twisted.internet.error.ConnectionDone'>: Connection was closed cleanly.
]
2026-04-30 20:44:56 | INFO     | ayumi.openapi_spot_feed | Connected to demo.ctraderapi.com:5035
2026-04-30 20:44:57 | WARNING  | ayumi.forward_test | Connection health check failed: connected=True last_tick_ago=902.2s threshold=900.0s — reconnecting
2026-04-30 20:44:57 | INFO     | ayumi.forward_test | Reconnection attempt 1 (backoff=5.0s)
2026-04-30 20:44:57 | INFO     | ayumi.openapi_spot_feed | Unsubscribed from spot events for symbol_id=2
2026-04-30 20:44:57 | INFO     | ayumi.openapi_spot_feed | Unsubscribed from spot events for symbol_id=4
2026-04-30 20:44:57 | INFO     | ayumi.openapi_spot_feed | OpenApiSpotFeed stopped
2026-04-30 20:44:57 | INFO     | ayumi.openapi_spot_feed | Connected to demo.ctraderapi.com:5035
2026-04-30 20:44:57 | WARNING  | ayumi.openapi_spot_feed | Disconnected: [Failure instance: Traceback (failure with no frames): <class 'twisted.internet.error.ConnectionDone'>: Connection was closed cleanly.
]
2026-04-30 20:44:57 | INFO     | ayumi.openapi_spot_feed | Application authenticated
2026-04-30 20:44:58 | INFO     | ayumi.openapi_spot_feed | Application authenticated
2026-04-30 20:44:58 | INFO     | ayumi.openapi_spot_feed | Account authenticated
2026-04-30 20:44:58 | INFO     | ayumi.openapi_spot_feed | Requesting symbol list for account 46877902
2026-04-30 20:44:59 | INFO     | ayumi.openapi_spot_feed | Account authenticated
2026-04-30 20:44:59 | INFO     | ayumi.openapi_spot_feed | Requesting symbol list for account 46877902
2026-04-30 20:44:59 | INFO     | ayumi.openapi_spot_feed | Loaded 830 symbol name mappings from API
2026-04-30 20:45:00 | INFO     | ayumi.openapi_spot_feed | Loaded 830 symbol name mappings from API
2026-04-30 20:45:00 | INFO     | ayumi.openapi_spot_feed | Fetched symbol details: id=2 digits=5
2026-04-30 20:45:00 | INFO     | ayumi.openapi_spot_feed | Subscribed to spot events for symbol_id=2
2026-04-30 20:45:01 | INFO     | ayumi.openapi_spot_feed | Fetched symbol details: id=2 digits=5
2026-04-30 20:45:01 | INFO     | ayumi.openapi_spot_feed | Subscribed to spot events for symbol_id=2
2026-04-30 20:45:01 | INFO     | ayumi.openapi_spot_feed | Fetched symbol details: id=4 digits=3
2026-04-30 20:45:01 | INFO     | ayumi.openapi_spot_feed | Subscribed to spot events for symbol_id=4
2026-04-30 20:45:01 | INFO     | ayumi.openapi_spot_feed | OpenApiSpotFeed started: account=46877902 symbols_loaded=2
2026-04-30 20:45:01 | INFO     | ayumi.forward_test | Open API spot feed connected for ['GBPUSD', 'USDJPY']
2026-04-30 20:45:01 | INFO     | ayumi.forward_test | Reconnection successful — reset consecutive failure counter
2026-04-30 20:45:02 | INFO     | ayumi.openapi_spot_feed | Fetched symbol details: id=4 digits=3
2026-04-30 20:45:02 | INFO     | ayumi.openapi_spot_feed | Subscribed to spot events for symbol_id=4
2026-04-30 20:45:02 | INFO     | ayumi.openapi_spot_feed | OpenApiSpotFeed started: account=46877902 symbols_loaded=2
2026-04-30 20:45:02 | INFO     | ayumi.forward_test | Open API spot feed connected for ['GBPUSD', 'USDJPY']
2026-04-30 20:45:02 | INFO     | ayumi.forward_test | Reconnection successful — reset consecutive failure counter
