============================================================
AYUMI — Live Paper Trading (PAPER-ONLY MODE - no real trades)
============================================================
Account: 17087404
Market Data: port 5211 (SSL)
Trade Execution: port 5212 (SSL)
------------------------------------------------------------
22:26:56 [INFO] __main__: Strategy initialized: SRM_XAUUSD
22:26:56 [INFO] __main__: Strategy initialized: SRM_USDJPY
22:26:56 [INFO] __main__: Strategy initialized: SRM_GBPUSD
22:26:56 [INFO] __main__: Strategy initialized: TTC_XAUUSD
22:26:56 [INFO] __main__: Strategy initialized: TTC_EURUSD
22:26:56 [INFO] __main__: Loaded 200 historical M15 bars for EURUSD (2026-04-07 to 2026-04-10 00:00)
22:26:56 [INFO] __main__: Loaded 200 historical M15 bars for GBPUSD (2026-04-07 to 2026-04-10 00:00)
22:26:56 [INFO] __main__: Loaded 200 historical M15 bars for USDJPY (2026-04-07 to 2026-04-10 00:00)
22:26:56 [INFO] __main__: Loaded 200 historical M15 bars for XAUUSD (2026-04-07 to 2026-04-10 00:00)
Subscribing to: EUR/USD, GBP/USD, USD/JPY, XAU/USD
22:26:56 [INFO] adapters.ctrader.api_client: Sending logon (154 bytes)
22:26:56 [INFO] adapters.ctrader.api_client: Connected to cTrader at live-uk-eqx-01.p.c-trader.com:5211
22:26:56 [INFO] adapters.ctrader.market_data_feed: Subscribed to EUR/USD (id=1)
22:26:56 [INFO] adapters.ctrader.market_data_feed: Subscribed to GBP/USD (id=2)
22:26:56 [INFO] adapters.ctrader.market_data_feed: Subscribed to USD/JPY (id=3)
22:26:56 [INFO] adapters.ctrader.market_data_feed: Subscribed to XAU/USD (id=31)
22:26:56 [INFO] adapters.ctrader.market_data_feed: Market data feed started (auto-subscribed to 4 pairs)
22:26:56 [INFO] adapters.ctrader.api_client: Paper mode enabled
22:26:56 [INFO] adapters.ctrader.api_client: Logon successful
22:26:56 [INFO] adapters.ctrader.market_data_feed: MD feed logged in
22:26:56 [INFO] adapters.ctrader.api_client: Sending logon (154 bytes)
22:26:56 [INFO] adapters.ctrader.api_client: Connected to cTrader at live-uk-eqx-01.p.c-trader.com:5212
22:26:56 [INFO] __main__: Requesting existing positions from cTrader...
22:26:57 [INFO] adapters.ctrader.api_client: Logon successful
22:26:59 [INFO] __main__: No existing positions found on startup
22:26:59 [INFO] __main__: Trade connection established on port 5212 (SSL)
Waiting for connections to stabilize...
Connected — market data + trade execution ready.
Live paper trading active (DEMO). Balance=$10,000.00
Press Ctrl+C to shut down gracefully.
------------------------------------------------------------
[22:28:02 UTC] Bal=$10000.00 | PnL=$0.00 | DD=+0.00% | Open: 0 none | Trades: 0
[22:29:02 UTC] Bal=$10000.00 | PnL=$0.00 | DD=+0.00% | Open: 0 none | Trades: 0
22:30:02 [INFO] __main__: EURUSD: M15 bar closed at 22:15 | 200 bars total
[22:30:02 UTC] Bal=$10000.00 | PnL=$0.00 | DD=+0.00% | Open: 0 none | Trades: 0
22:30:33 [INFO] __main__: Tick #1000: 31 bid=10.79713
[22:31:02 UTC] Bal=$10000.00 | PnL=$0.00 | DD=+0.00% | Open: 0 none | Trades: 0
[22:32:02 UTC] Bal=$10000.00 | PnL=$0.00 | DD=+0.00% | Open: 0 none | Trades: 0
[22:33:02 UTC] Bal=$10000.00 | PnL=$0.00 | DD=+0.00% | Open: 0 none | Trades: 0
22:33:22 [INFO] __main__: Tick #2000: 31 bid=10.79984
[22:34:02 UTC] Bal=$10000.00 | PnL=$0.00 | DD=+0.00% | Open: 0 none | Trades: 0
[22:35:02 UTC] Bal=$10000.00 | PnL=$0.00 | DD=+0.00% | Open: 0 none | Trades: 0
[22:36:02 UTC] Bal=$10000.00 | PnL=$0.00 | DD=+0.00% | Open: 0 none | Trades: 0
22:36:27 [INFO] __main__: Tick #3000: 31 bid=10.79916
